Component: ARM Compiler 5.06 update 7 (build 960) Tool: armlink [4d3601]

==============================================================================

Section Cross References

    startup_stm32f407xx.o(STACK) refers (Special) to heapauxi.o(.text) for __use_two_region_memory
    startup_stm32f407xx.o(HEAP) refers (Special) to heapauxi.o(.text) for __use_two_region_memory
    startup_stm32f407xx.o(RESET) refers (Special) to heapauxi.o(.text) for __use_two_region_memory
    startup_stm32f407xx.o(RESET) refers to startup_stm32f407xx.o(STACK) for __initial_sp
    startup_stm32f407xx.o(RESET) refers to startup_stm32f407xx.o(.text) for Reset_Handler
    startup_stm32f407xx.o(RESET) refers to stm32f4xx_it.o(i.NMI_Handler) for NMI_Handler
    startup_stm32f407xx.o(RESET) refers to stm32f4xx_it.o(i.HardFault_Handler) for HardFault_Handler
    startup_stm32f407xx.o(RESET) refers to stm32f4xx_it.o(i.MemManage_Handler) for MemManage_Handler
    startup_stm32f407xx.o(RESET) refers to stm32f4xx_it.o(i.BusFault_Handler) for BusFault_Handler
    startup_stm32f407xx.o(RESET) refers to stm32f4xx_it.o(i.UsageFault_Handler) for UsageFault_Handler
    startup_stm32f407xx.o(RESET) refers to stm32f4xx_it.o(i.SVC_Handler) for SVC_Handler
    startup_stm32f407xx.o(RESET) refers to stm32f4xx_it.o(i.DebugMon_Handler) for DebugMon_Handler
    startup_stm32f407xx.o(RESET) refers to stm32f4xx_it.o(i.PendSV_Handler) for PendSV_Handler
    startup_stm32f407xx.o(RESET) refers to stm32f4xx_it.o(i.SysTick_Handler) for SysTick_Handler
    startup_stm32f407xx.o(RESET) refers to stm32f4xx_it.o(i.FLASH_IRQHandler) for FLASH_IRQHandler
    startup_stm32f407xx.o(RESET) refers to stm32f4xx_it.o(i.EXTI3_IRQHandler) for EXTI3_IRQHandler
    startup_stm32f407xx.o(RESET) refers to stm32f4xx_it.o(i.EXTI4_IRQHandler) for EXTI4_IRQHandler
    startup_stm32f407xx.o(RESET) refers to stm32f4xx_it.o(i.DMA1_Stream1_IRQHandler) for DMA1_Stream1_IRQHandler
    startup_stm32f407xx.o(RESET) refers to stm32f4xx_it.o(i.DMA1_Stream2_IRQHandler) for DMA1_Stream2_IRQHandler
    startup_stm32f407xx.o(RESET) refers to stm32f4xx_it.o(i.DMA1_Stream3_IRQHandler) for DMA1_Stream3_IRQHandler
    startup_stm32f407xx.o(RESET) refers to stm32f4xx_it.o(i.DMA1_Stream4_IRQHandler) for DMA1_Stream4_IRQHandler
    startup_stm32f407xx.o(RESET) refers to stm32f4xx_it.o(i.CAN1_RX0_IRQHandler) for CAN1_RX0_IRQHandler
    startup_stm32f407xx.o(RESET) refers to stm32f4xx_it.o(i.EXTI9_5_IRQHandler) for EXTI9_5_IRQHandler
    startup_stm32f407xx.o(RESET) refers to stm32f4xx_it.o(i.TIM4_IRQHandler) for TIM4_IRQHandler
    startup_stm32f407xx.o(RESET) refers to stm32f4xx_it.o(i.I2C2_EV_IRQHandler) for I2C2_EV_IRQHandler
    startup_stm32f407xx.o(RESET) refers to stm32f4xx_it.o(i.I2C2_ER_IRQHandler) for I2C2_ER_IRQHandler
    startup_stm32f407xx.o(RESET) refers to stm32f4xx_it.o(i.SPI1_IRQHandler) for SPI1_IRQHandler
    startup_stm32f407xx.o(RESET) refers to stm32f4xx_it.o(i.SPI2_IRQHandler) for SPI2_IRQHandler
    startup_stm32f407xx.o(RESET) refers to stm32f4xx_it.o(i.USART1_IRQHandler) for USART1_IRQHandler
    startup_stm32f407xx.o(RESET) refers to stm32f4xx_it.o(i.USART3_IRQHandler) for USART3_IRQHandler
    startup_stm32f407xx.o(RESET) refers to stm32f4xx_it.o(i.TIM8_TRG_COM_TIM14_IRQHandler) for TIM8_TRG_COM_TIM14_IRQHandler
    startup_stm32f407xx.o(RESET) refers to stm32f4xx_it.o(i.DMA1_Stream7_IRQHandler) for DMA1_Stream7_IRQHandler
    startup_stm32f407xx.o(RESET) refers to stm32f4xx_it.o(i.TIM6_DAC_IRQHandler) for TIM6_DAC_IRQHandler
    startup_stm32f407xx.o(RESET) refers to stm32f4xx_it.o(i.TIM7_IRQHandler) for TIM7_IRQHandler
    startup_stm32f407xx.o(RESET) refers to stm32f4xx_it.o(i.DMA2_Stream0_IRQHandler) for DMA2_Stream0_IRQHandler
    startup_stm32f407xx.o(RESET) refers to stm32f4xx_it.o(i.DMA2_Stream2_IRQHandler) for DMA2_Stream2_IRQHandler
    startup_stm32f407xx.o(RESET) refers to stm32f4xx_it.o(i.DMA2_Stream3_IRQHandler) for DMA2_Stream3_IRQHandler
    startup_stm32f407xx.o(RESET) refers to stm32f4xx_it.o(i.DMA2_Stream4_IRQHandler) for DMA2_Stream4_IRQHandler
    startup_stm32f407xx.o(RESET) refers to stm32f4xx_it.o(i.CAN2_RX0_IRQHandler) for CAN2_RX0_IRQHandler
    startup_stm32f407xx.o(RESET) refers to stm32f4xx_it.o(i.OTG_FS_IRQHandler) for OTG_FS_IRQHandler
    startup_stm32f407xx.o(RESET) refers to stm32f4xx_it.o(i.DMA2_Stream5_IRQHandler) for DMA2_Stream5_IRQHandler
    startup_stm32f407xx.o(RESET) refers to stm32f4xx_it.o(i.DMA2_Stream6_IRQHandler) for DMA2_Stream6_IRQHandler
    startup_stm32f407xx.o(RESET) refers to stm32f4xx_it.o(i.DMA2_Stream7_IRQHandler) for DMA2_Stream7_IRQHandler
    startup_stm32f407xx.o(RESET) refers to stm32f4xx_it.o(i.USART6_IRQHandler) for USART6_IRQHandler
    startup_stm32f407xx.o(RESET) refers to stm32f4xx_it.o(i.I2C3_EV_IRQHandler) for I2C3_EV_IRQHandler
    startup_stm32f407xx.o(RESET) refers to stm32f4xx_it.o(i.I2C3_ER_IRQHandler) for I2C3_ER_IRQHandler
[...]
    0x080007c0   0x080007c0   0x0000004a   Code   RO        11055    .text               c_w.l(sys_stackheap_outer.o)
    0x0800080a   0x0800080a   0x00000012   Code   RO        11063    .text               c_w.l(exit.o)
    0x0800081c   0x0800081c   0x0000000a   Code   RO        11065    .text               c_w.l(defsig_exit.o)
    0x08000826   0x08000826   0x00000002   PAD
    0x08000828   0x08000828   0x00000050   Code   RO        11071    .text               c_w.l(defsig_rtmem_inner.o)
    0x08000878   0x08000878   0x0000000c   Code   RO        11085    .text               c_w.l(sys_exit.o)
    0x08000884   0x08000884   0x00000002   Code   RO        11087    .text               c_w.l(use_no_semi.o)
    0x08000886   0x08000886   0x00000000   Code   RO        11089    .text               c_w.l(indicate_semi.o)
    0x08000886   0x08000886   0x00000032   Code   RO        11098    .text               c_w.l(defsig_general.o)
    0x080008b8   0x080008b8   0x0000000e   Code   RO        11126    .text               c_w.l(sys_wrch.o)
    0x080008c6   0x080008c6   0x00000002   PAD
    0x080008c8   0x080008c8   0x000004de   Code   RO         9038    ccmram              math_common.o
    0x08000da6   0x08000da6   0x00000002   PAD
    0x08000da8   0x08000da8   0x0000010c   Code   RO        10031    i.AA_Init           robo_aa.o
    0x08000eb4   0x08000eb4   0x000001bc   Code   RO        10032    i.AA_Task           robo_aa.o
    0x08001070   0x08001070   0x000001b4   Code   RO         3469    i.ADC_Init          stm32f4xx_hal_adc.o
    0x08001224   0x08001224   0x00000100   Code   RO         9565    i.AHRS_Get_Angle    ahrs.o
    0x08001324   0x08001324   0x000000a8   Code   RO         9566    i.AHRS_Init         ahrs.o
    0x080013cc   0x080013cc   0x00000130   Code   RO         9567    i.AHRS_Update       ahrs.o
    0x080014fc   0x080014fc   0x000000e0   Code   RO         8342    i.Add_message_Pack  message.o
    0x080015dc   0x080015dc   0x000001e4   Code   RO         8028    i.BMI088_Accel_Init  bmi088driver.o
    0x080017c0   0x080017c0   0x00000194   Code   RO         8029    i.BMI088_Gyro_Init  bmi088driver.o
    0x08001954   0x08001954   0x0000001a   Code   RO         8030    i.BMI088_Init       bmi088driver.o
    0x0800196e   0x0800196e   0x00000002   PAD
    0x08001970   0x08001970   0x000001f0   Code   RO         8031    i.BMI088_Read       bmi088driver.o
    0x08001b60   0x08001b60   0x00000030   Code   RO         8032    i.BMI088_read_muli_reg  bmi088driver.o
    0x08001b90   0x08001b90   0x0000001e   Code   RO         8033    i.BMI088_read_single_reg  bmi088driver.o
    0x08001bae   0x08001bae   0x00000020   Code   RO         8034    i.BMI088_read_write_byte  bmi088driver.o
    0x08001bce   0x08001bce   0x0000001a   Code   RO         8035    i.BMI088_write_single_reg  bmi088driver.o
    0x08001be8   0x08001be8   0x00000050   Code   RO         8863    i.Back_Press_Hold   rc_ctrl_key.o
    0x08001c38   0x08001c38   0x00000070   Code   RO         8864    i.Back_Press_Release  rc_ctrl_key.o
    0x08001ca8   0x08001ca8   0x00000194   Code   RO         9353    i.Basic_PID_Controller  pid.o
    0x08001e3c   0x08001e3c   0x00000162   Code   RO         9568    i.BodyFrameToEarthFrame  ahrs.o
    0x08001f9e   0x08001f9e   0x00000004   Code   RO         1331    i.BusFault_Handler  stm32f4xx_it.o
    0x08001fa2   0x08001fa2   0x00000002   PAD
    0x08001fa4   0x08001fa4   0x0000024c   Code   RO         7832    i.Button_Handle     button.o
    0x080021f0   0x080021f0   0x0000009c   Code   RO         7833    i.Button_Init       button.o
    0x0800228c   0x0800228c   0x00000050   Code   RO         7834    i.Button_Register   button.o
    0x080022dc   0x080022dc   0x00000020   Code   RO         7835    i.Button_Scan       button.o
    0x080022fc   0x080022fc   0x00000028   Code   RO         7836    i.Button_linked_add  button.o
    0x08002324   0x08002324   0x00000034   Code   RO         7885    i.Buzzer_Add_Task   buzzer.o
    0x08002358   0x08002358   0x00000030   Code   RO         7886    i.Buzzer_Callback   buzzer.o
    0x08002388   0x08002388   0x00000090   Code   RO         7887    i.Buzzer_Handle     buzzer.o
    0x08002418   0x08002418   0x00000078   Code   RO         7888    i.Buzzer_Init       buzzer.o
    0x08002490   0x08002490   0x0000006e   Code   RO         7891    i.Buzzer_Task_B_B_B  buzzer.o
    0x080024fe   0x080024fe   0x00000002   PAD
    0x08002500   0x08002500   0x00000010   Code   RO         1332    i.CAN1_RX0_IRQHandler  stm32f4xx_it.o
    0x08002510   0x08002510   0x00000010   Code   RO         1333    i.CAN2_RX0_IRQHandler  stm32f4xx_it.o
    0x08002520   0x08002520   0x00000044   Code   RO         1278    i.CDC_Control_FS    usbd_cdc_if.o
    0x08002564   0x08002564   0x00000004   Code   RO         1279    i.CDC_DeInit_FS     usbd_cdc_if.o
    0x08002568   0x08002568   0x00000024   Code   RO         1280    i.CDC_Init_FS       usbd_cdc_if.o
    0x0800258c   0x0800258c   0x0000001c   Code   RO         1281    i.CDC_Receive_FS    usbd_cdc_if.o
    0x080025a8   0x080025a8   0x00000038   Code   RO         1282    i.CDC_Transmit_FS   usbd_cdc_if.o
    0x080025e0   0x080025e0   0x000001cc   Code   RO         9754    i.Chassis_Init      robo_chassis.o
    0x080027ac   0x080027ac   0x00000014   Code   RO         9544    i.Chassis_Inverse_Kinematics  chassis.o
    0x080027c0   0x080027c0   0x000003a8   Code   RO         8865    i.Chassis_KEY_Ctrl  rc_ctrl_key.o
    0x08002b68   0x08002b68   0x00000388   Code   RO         9755    i.Chassis_Task      robo_chassis.o
    0x08002ef0   0x08002ef0   0x00000110   Code   RO        10437    i.DJI_Motor_Callback  dji_motor.o
    0x08003000   0x08003000   0x00000168   Code   RO        10438    i.DJI_Motor_Init    dji_motor.o
    0x08003168   0x08003168   0x000000a4   Code   RO        10440    i.DJI_Motor_Send    dji_motor.o
    0x0800320c   0x0800320c   0x00000060   Code   RO        10441    i.DJI_Motor_Speed_Loop_Init  dji_motor.o
    0x0800326c   0x0800326c   0x00000040   Code   RO        10442    i.DJI_Motor_Timeout_Callback  dji_motor.o
    0x080032ac   0x080032ac   0x00000048   Code   RO        10443    i.DJI_Motor_TxBuffer_Init  dji_motor.o
    0x080032f4   0x080032f4   0x00000010   Code   RO         1334    i.DMA1_Stream1_IRQHandler  stm32f4xx_it.o
    0x08003304   0x08003304   0x00000010   Code   RO         1335    i.DMA1_Stream2_IRQHandler  stm32f4xx_it.o
    0x08003314   0x08003314   0x00000010   Code   RO         1336    i.DMA1_Stream3_IRQHandler  stm32f4xx_it.o
    0x08003324   0x08003324   0x00000010   Code   RO         1337    i.DMA1_Stream4_IRQHandler  stm32f4xx_it.o
    0x08003334   0x08003334   0x00000010   Code   RO         1338    i.DMA1_Stream7_IRQHandler  stm32f4xx_it.o
    0x08003344   0x08003344   0x00000010   Code   RO         1339    i.DMA2_Stream0_IRQHandler  stm32f4xx_it.o
    0x08003354   0x08003354   0x00000010   Code   RO         1340    i.DMA2_Stream2_IRQHandler  stm32f4xx_it.o
    0x08003364   0x08003364   0x00000010   Code   RO         1341    i.DMA2_Stream3_IRQHandler  stm32f4xx_it.o
    0x08003374   0x08003374   0x00000010   Code   RO         1342    i.DMA2_Stream4_IRQHandler  stm32f4xx_it.o
    0x08003384   0x08003384   0x00000010   Code   RO         1343    i.DMA2_Stream5_IRQHandler  stm32f4xx_it.o
    0x08003394   0x08003394   0x00000010   Code   RO         1344    i.DMA2_Stream6_IRQHandler  stm32f4xx_it.o
    0x080033a4   0x080033a4   0x00000010   Code   RO         1345    i.DMA2_Stream7_IRQHandler  stm32f4xx_it.o
    0x080033b4   0x080033b4   0x00000034   Code   RO         2788    i.DMA_CalcBaseAndBitshift  stm32f4xx_hal_dma.o
    0x080033e8   0x080033e8   0x000000aa   Code   RO         2789    i.DMA_CheckFifoParam  stm32f4xx_hal_dma.o
    0x08003492   0x08003492   0x0000002c   Code   RO         2790    i.DMA_SetConfig     stm32f4xx_hal_dma.o
    0x080034be   0x080034be   0x00000014   Code   RO         8619    i.DR16_Get_Key_Status  dr16_remote.o
    0x080034d2   0x080034d2   0x00000006   Code   RO         8620    i.DR16_Get_Mouse_Left_Status  dr16_remote.o
    0x080034d8   0x080034d8   0x00000006   Code   RO         8621    i.DR16_Get_Mouse_Right_Status  dr16_remote.o
    0x080034de   0x080034de   0x00000002   PAD
    0x080034e0   0x080034e0   0x00000074   Code   RO         8622    i.DR16_Init         dr16_remote.o
    0x08003554   0x08003554   0x00000036   Code   RO         8623    i.DR16_Reset        dr16_remote.o
    0x0800358a   0x0800358a   0x00000180   Code   RO         8624    i.DR16_Rx_Callback  dr16_remote.o
    0x0800370a   0x0800370a   0x00000022   Code   RO         8625    i.DR16_Rx_Timeout_Reset_Callack  dr16_remote.o
    0x0800372c   0x0800372c   0x000000b8   Code   RO         9416    i.DeQueue           queue.o
    0x080037e4   0x080037e4   0x00000002   Code   RO         1346    i.DebugMon_Handler  stm32f4xx_it.o
    0x080037e6   0x080037e6   0x0000000a   Code   RO         1347    i.EXTI3_IRQHandler  stm32f4xx_it.o
    0x080037f0   0x080037f0   0x0000000a   Code   RO         1348    i.EXTI4_IRQHandler  stm32f4xx_it.o
    0x080037fa   0x080037fa   0x0000000a   Code   RO         1349    i.EXTI9_5_IRQHandler  stm32f4xx_it.o
    0x08003804   0x08003804   0x00000134   Code   RO         9419    i.EnQueue           queue.o
    0x08003938   0x08003938   0x00000006   Code   RO           13    i.Error_Handler     main.o
    0x0800393e   0x0800393e   0x00000002   PAD
    0x08003940   0x08003940   0x000000a8   Code   RO         8248    i.Event_OS_Calibration_CPU_Utilization  event_os.o
    0x080039e8   0x080039e8   0x00000018   Code   RO         8249    i.Event_OS_Callback  event_os.o
    0x08003a00   0x08003a00   0x0000014c   Code   RO         8251    i.Event_OS_Run      event_os.o
    0x08003b4c   0x08003b4c   0x000000b4   Code   RO         8252    i.Event_OS_Task_Logout  event_os.o
    0x08003c00   0x08003c00   0x00000062   Code   RO         8253    i.Event_OS_Task_Loop  event_os.o
    0x08003c62   0x08003c62   0x00000002   PAD
    0x08003c64   0x08003c64   0x000000a0   Code   RO         8255    i.Event_OS_Task_Register  event_os.o
    0x08003d04   0x08003d04   0x00000060   Code   RO         8256    i.Event_OS_Task_Start  event_os.o
    0x08003d64   0x08003d64   0x000000f4   Code   RO         2558    i.FLASH_Erase_Sector  stm32f4xx_hal_flash_ex.o
    0x08003e58   0x08003e58   0x00000078   Code   RO         2559    i.FLASH_FlushCaches  stm32f4xx_hal_flash_ex.o
    0x08003ed0   0x08003ed0   0x00000008   Code   RO         1350    i.FLASH_IRQHandler  stm32f4xx_it.o
    0x08003ed8   0x08003ed8   0x00000098   Code   RO         2444    i.FLASH_SetErrorCode  stm32f4xx_hal_flash.o
    0x08003f70   0x08003f70   0x000000d0   Code   RO         9496    i.Four_Omni_Wheel_Forward_Kinematics  chassis.o
    0x08004040   0x08004040   0x00000100   Code   RO         9497    i.Four_Omni_Wheel_Inverse_Kinematics  chassis.o
    0x08004140   0x08004140   0x00000110   Code   RO         9498    i.Four_Omni_Wheel_Kinematics_Init  chassis.o
    0x08004250   0x08004250   0x0000001c   Code   RO         8867    i.Front_Press_Hold  rc_ctrl_key.o
    0x0800426c   0x0800426c   0x00000070   Code   RO         8868    i.Front_Press_Release  rc_ctrl_key.o
    0x080042dc   0x080042dc   0x000001bc   Code   RO         8869    i.GIMBAL_KEY_Ctrl   rc_ctrl_key.o
    0x08004498   0x08004498   0x000000e0   Code   RO        10444    i.Get_DJI_Motor_TX_ID  dji_motor.o
    0x08004578   0x08004578   0x00000014   Code   RO         8626    i.Get_Key_Status    dr16_remote.o
    0x0800458c   0x0800458c   0x00000014   Code   RO         8627    i.Get_Mouse_Left_Status  dr16_remote.o
    0x080045a0   0x080045a0   0x00000014   Code   RO         8628    i.Get_Mouse_Right_Status  dr16_remote.o
    0x080045b4   0x080045b4   0x00000034   Code   RO         1188    i.Get_SerialNum     usbd_desc.o
    0x080045e8   0x080045e8   0x00000114   Code   RO         9931    i.Get_Topic_ID      robo_common.o
    0x080046fc   0x080046fc   0x00000030   Code   RO         8514    i.Get_message_ID_Cmd  message.o
    0x0800472c   0x0800472c   0x0000003c   Code   RO         8520    i.Get_message_ID_Data  message.o
    0x08004768   0x08004768   0x00000020   Code   RO         8502    i.Get_message_Pack_Data  message.o
    0x08004788   0x08004788   0x000001a8   Code   RO         9890    i.Gimbal_Init       robo_gimbal.o
    0x08004930   0x08004930   0x00000030   Code   RO         8870    i.Gimbal_Shoot_Fire  rc_ctrl_key.o
    0x08004960   0x08004960   0x00000030   Code   RO         8871    i.Gimbal_Shoot_Off  rc_ctrl_key.o
    0x08004990   0x08004990   0x0000039c   Code   RO         9891    i.Gimbal_Task       robo_gimbal.o
    0x08004d2c   0x08004d2c   0x00000228   Code   RO         3471    i.HAL_ADC_ConfigChannel  stm32f4xx_hal_adc.o
    0x08004f54   0x08004f54   0x00000284   Code   RO         3480    i.HAL_ADC_Init      stm32f4xx_hal_adc.o
    0x080051d8   0x080051d8   0x0000007c   Code   RO          417    i.HAL_ADC_MspInit   adc.o
    0x08005254   0x08005254   0x0000007c   Code   RO         3745    i.HAL_CAN_ActivateNotification  stm32f4xx_hal_can.o
    0x080052d0   0x080052d0   0x000001ec   Code   RO         3746    i.HAL_CAN_AddTxMessage  stm32f4xx_hal_can.o
    0x080054bc   0x080054bc   0x00000230   Code   RO         3747    i.HAL_CAN_ConfigFilter  stm32f4xx_hal_can.o
    0x080056ec   0x080056ec   0x00000002   Code   RO         3750    i.HAL_CAN_ErrorCallback  stm32f4xx_hal_can.o
    0x080056ee   0x080056ee   0x00000002   PAD
    0x080056f0   0x080056f0   0x000001d4   Code   RO         3753    i.HAL_CAN_GetRxMessage  stm32f4xx_hal_can.o
    0x080058c4   0x080058c4   0x0000024e   Code   RO         3757    i.HAL_CAN_IRQHandler  stm32f4xx_hal_can.o
    0x08005b12   0x08005b12   0x00000002   PAD
    0x08005b14   0x08005b14   0x00000400   Code   RO         3758    i.HAL_CAN_Init      stm32f4xx_hal_can.o
    0x08005f14   0x08005f14   0x00000160   Code   RO          459    i.HAL_CAN_MspInit   can.o
    0x08006074   0x08006074   0x000000b2   Code   RO         3763    i.HAL_CAN_RegisterCallback  stm32f4xx_hal_can.o
    0x08006126   0x08006126   0x00000002   Code   RO         3766    i.HAL_CAN_RxFifo0FullCallback  stm32f4xx_hal_can.o
    0x08006128   0x08006128   0x00000002   Code   RO         3767    i.HAL_CAN_RxFifo0MsgPendingCallback  stm32f4xx_hal_can.o
    0x0800612a   0x0800612a   0x00000002   Code   RO         3768    i.HAL_CAN_RxFifo1FullCallback  stm32f4xx_hal_can.o
    0x0800612c   0x0800612c   0x00000002   Code   RO         3769    i.HAL_CAN_RxFifo1MsgPendingCallback  stm32f4xx_hal_can.o
    0x0800612e   0x0800612e   0x00000002   Code   RO         3770    i.HAL_CAN_SleepCallback  stm32f4xx_hal_can.o
    0x08006130   0x08006130   0x0000005e   Code   RO         3771    i.HAL_CAN_Start     stm32f4xx_hal_can.o
    0x0800618e   0x0800618e   0x00000002   Code   RO         3773    i.HAL_CAN_TxMailbox0AbortCallback  stm32f4xx_hal_can.o
    0x08006190   0x08006190   0x00000002   Code   RO         3774    i.HAL_CAN_TxMailbox0CompleteCallback  stm32f4xx_hal_can.o
    0x08006192   0x08006192   0x00000002   Code   RO         3775    i.HAL_CAN_TxMailbox1AbortCallback  stm32f4xx_hal_can.o
    0x08006194   0x08006194   0x00000002   Code   RO         3776    i.HAL_CAN_TxMailbox1CompleteCallback  stm32f4xx_hal_can.o
    0x08006196   0x08006196   0x00000002   Code   RO         3777    i.HAL_CAN_TxMailbox2AbortCallback  stm32f4xx_hal_can.o
    0x08006198   0x08006198   0x00000002   Code   RO         3778    i.HAL_CAN_TxMailbox2CompleteCallback  stm32f4xx_hal_can.o
    0x0800619a   0x0800619a   0x00000002   Code   RO         3781    i.HAL_CAN_WakeUpFromRxMsgCallback  stm32f4xx_hal_can.o
    0x0800619c   0x0800619c   0x00000070   Code   RO         3994    i.HAL_CRC_Init      stm32f4xx_hal_crc.o
    0x0800620c   0x0800620c   0x00000034   Code   RO          508    i.HAL_CRC_MspInit   crc.o
    0x08006240   0x08006240   0x00000002   Code   RO         4199    i.HAL_DACEx_DMAUnderrunCallbackCh2  stm32f4xx_hal_dac_ex.o
    0x08006242   0x08006242   0x00000002   PAD
    0x08006244   0x08006244   0x0000010c   Code   RO         4053    i.HAL_DAC_ConfigChannel  stm32f4xx_hal_dac.o
    0x08006350   0x08006350   0x00000002   Code   RO         4056    i.HAL_DAC_DMAUnderrunCallbackCh1  stm32f4xx_hal_dac.o
    0x08006352   0x08006352   0x0000008a   Code   RO         4062    i.HAL_DAC_IRQHandler  stm32f4xx_hal_dac.o
    0x080063dc   0x080063dc   0x00000078   Code   RO         4063    i.HAL_DAC_Init      stm32f4xx_hal_dac.o
    0x08006454   0x08006454   0x00000090   Code   RO          550    i.HAL_DAC_MspInit   dac.o
    0x080064e4   0x080064e4   0x000000ac   Code   RO         2791    i.HAL_DMA_Abort     stm32f4xx_hal_dma.o
    0x08006590   0x08006590   0x00000028   Code   RO         2792    i.HAL_DMA_Abort_IT  stm32f4xx_hal_dma.o
    0x080065b8   0x080065b8   0x00000006   Code   RO         2794    i.HAL_DMA_GetError  stm32f4xx_hal_dma.o
    0x080065be   0x080065be   0x00000008   Code   RO         2795    i.HAL_DMA_GetState  stm32f4xx_hal_dma.o
    0x080065c6   0x080065c6   0x00000002   PAD
    0x080065c8   0x080065c8   0x00000240   Code   RO         2796    i.HAL_DMA_IRQHandler  stm32f4xx_hal_dma.o
    0x08006808   0x08006808   0x0000035c   Code   RO         2797    i.HAL_DMA_Init      stm32f4xx_hal_dma.o
    0x08006b64   0x08006b64   0x000000e0   Code   RO         2801    i.HAL_DMA_Start_IT  stm32f4xx_hal_dma.o
    0x08006c44   0x08006c44   0x00000028   Code   RO         3215    i.HAL_Delay         stm32f4xx_hal.o
    0x08006c6c   0x08006c6c   0x00000002   Code   RO         2446    i.HAL_FLASH_EndOfOperationCallback  stm32f4xx_hal_flash.o
    0x08006c6e   0x08006c6e   0x00000002   PAD
    0x08006c70   0x08006c70   0x00000110   Code   RO         2448    i.HAL_FLASH_IRQHandler  stm32f4xx_hal_flash.o
    0x08006d80   0x08006d80   0x00000002   Code   RO         2453    i.HAL_FLASH_OperationErrorCallback  stm32f4xx_hal_flash.o
    0x08006d82   0x08006d82   0x00000002   Code   RO         2682    i.HAL_GPIO_EXTI_Callback  stm32f4xx_hal_gpio.o
    0x08006d84   0x08006d84   0x0000001c   Code   RO         2683    i.HAL_GPIO_EXTI_IRQHandler  stm32f4xx_hal_gpio.o
    0x08006da0   0x08006da0   0x00000418   Code   RO         2684    i.HAL_GPIO_Init     stm32f4xx_hal_gpio.o
    0x080071b8   0x080071b8   0x00000078   Code   RO         2688    i.HAL_GPIO_WritePin  stm32f4xx_hal_gpio.o
    0x08007230   0x08007230   0x0000000c   Code   RO         3221    i.HAL_GetTick       stm32f4xx_hal.o
    0x0800723c   0x0800723c   0x00000002   Code   RO         4290    i.HAL_I2C_AbortCpltCallback  stm32f4xx_hal_i2c.o
    0x0800723e   0x0800723e   0x00000002   Code   RO         4291    i.HAL_I2C_AddrCallback  stm32f4xx_hal_i2c.o
    0x08007240   0x08007240   0x000000d4   Code   RO         4294    i.HAL_I2C_ER_IRQHandler  stm32f4xx_hal_i2c.o
    0x08007314   0x08007314   0x000001da   Code   RO         4295    i.HAL_I2C_EV_IRQHandler  stm32f4xx_hal_i2c.o
    0x080074ee   0x080074ee   0x00000002   Code   RO         4297    i.HAL_I2C_ErrorCallback  stm32f4xx_hal_i2c.o
    0x080074f0   0x080074f0   0x000002f0   Code   RO         4301    i.HAL_I2C_Init      stm32f4xx_hal_i2c.o
    0x080077e0   0x080077e0   0x00000002   Code   RO         4303    i.HAL_I2C_ListenCpltCallback  stm32f4xx_hal_i2c.o
    0x080077e2   0x080077e2   0x00000002   Code   RO         4304    i.HAL_I2C_MasterRxCpltCallback  stm32f4xx_hal_i2c.o
    0x080077e4   0x080077e4   0x00000002   Code   RO         4305    i.HAL_I2C_MasterTxCpltCallback  stm32f4xx_hal_i2c.o
    0x080077e6   0x080077e6   0x00000002   Code   RO         4317    i.HAL_I2C_MemRxCpltCallback  stm32f4xx_hal_i2c.o
    0x080077e8   0x080077e8   0x00000002   Code   RO         4318    i.HAL_I2C_MemTxCpltCallback  stm32f4xx_hal_i2c.o
    0x080077ea   0x080077ea   0x00000002   PAD
    0x080077ec   0x080077ec   0x00000200   Code   RO          616    i.HAL_I2C_MspInit   i2c.o
    0x080079ec   0x080079ec   0x00000002   Code   RO         4327    i.HAL_I2C_SlaveRxCpltCallback  stm32f4xx_hal_i2c.o
    0x080079ee   0x080079ee   0x00000002   Code   RO         4328    i.HAL_I2C_SlaveTxCpltCallback  stm32f4xx_hal_i2c.o
    0x080079f0   0x080079f0   0x00000018   Code   RO         3227    i.HAL_IncTick       stm32f4xx_hal.o
    0x08007a08   0x08007a08   0x0000003c   Code   RO         3228    i.HAL_Init          stm32f4xx_hal.o
    0x08007a44   0x08007a44   0x0000004c   Code   RO         3229    i.HAL_InitTick      stm32f4xx_hal.o
    0x08007a90   0x08007a90   0x00000058   Code   RO         1603    i.HAL_MspInit       stm32f4xx_hal_msp.o
    0x08007ae8   0x08007ae8   0x0000006c   Code   RO         3073    i.HAL_NVIC_EnableIRQ  stm32f4xx_hal_cortex.o
    0x08007b54   0x08007b54   0x000000d4   Code   RO         3079    i.HAL_NVIC_SetPriority  stm32f4xx_hal_cortex.o
    0x08007c28   0x08007c28   0x00000088   Code   RO         3080    i.HAL_NVIC_SetPriorityGrouping  stm32f4xx_hal_cortex.o
    0x08007cb0   0x08007cb0   0x00000002   Code   RO         1932    i.HAL_PCDEx_LPM_Callback  stm32f4xx_hal_pcd_ex.o
    0x08007cb2   0x08007cb2   0x0000000a   Code   RO         1933    i.HAL_PCDEx_SetRxFiFo  stm32f4xx_hal_pcd_ex.o
    0x08007cbc   0x08007cbc   0x0000004e   Code   RO         1934    i.HAL_PCDEx_SetTxFiFo  stm32f4xx_hal_pcd_ex.o
    0x08007d0a   0x08007d0a   0x0000000e   Code   RO          981    i.HAL_PCD_ConnectCallback  usbd_conf.o
    0x08007d18   0x08007d18   0x00000020   Code   RO          982    i.HAL_PCD_DataInStageCallback  usbd_conf.o
    0x08007d38   0x08007d38   0x00000020   Code   RO          983    i.HAL_PCD_DataOutStageCallback  usbd_conf.o
    0x08007d58   0x08007d58   0x0000000e   Code   RO          984    i.HAL_PCD_DisconnectCallback  usbd_conf.o
    0x08007d66   0x08007d66   0x00000042   Code   RO         1697    i.HAL_PCD_EP_Abort  stm32f4xx_hal_pcd.o
    0x08007da8   0x08007da8   0x0000006a   Code   RO         1698    i.HAL_PCD_EP_Close  stm32f4xx_hal_pcd.o
    0x08007e12   0x08007e12   0x0000007c   Code   RO         1699    i.HAL_PCD_EP_ClrStall  stm32f4xx_hal_pcd.o
    0x08007e8e   0x08007e8e   0x00000016   Code   RO         1701    i.HAL_PCD_EP_GetRxCount  stm32f4xx_hal_pcd.o
    0x08007ea4   0x08007ea4   0x0000008c   Code   RO         1702    i.HAL_PCD_EP_Open   stm32f4xx_hal_pcd.o
    0x08007f30   0x08007f30   0x00000058   Code   RO         1703    i.HAL_PCD_EP_Receive  stm32f4xx_hal_pcd.o
    0x08007f88   0x08007f88   0x0000008a   Code   RO         1704    i.HAL_PCD_EP_SetStall  stm32f4xx_hal_pcd.o
    0x08008012   0x08008012   0x0000005a   Code   RO         1705    i.HAL_PCD_EP_Transmit  stm32f4xx_hal_pcd.o
    0x0800806c   0x0800806c   0x000006ca   Code   RO         1707    i.HAL_PCD_IRQHandler  stm32f4xx_hal_pcd.o
    0x08008736   0x08008736   0x00000012   Code   RO          985    i.HAL_PCD_ISOINIncompleteCallback  usbd_conf.o
    0x08008748   0x08008748   0x00000012   Code   RO          986    i.HAL_PCD_ISOOUTIncompleteCallback  usbd_conf.o
    0x0800875a   0x0800875a   0x00000002   PAD
    0x0800875c   0x0800875c   0x000001bc   Code   RO         1710    i.HAL_PCD_Init      stm32f4xx_hal_pcd.o
    0x08008918   0x08008918   0x000000a8   Code   RO          988    i.HAL_PCD_MspInit   usbd_conf.o
    0x080089c0   0x080089c0   0x00000030   Code   RO          989    i.HAL_PCD_ResetCallback  usbd_conf.o
    0x080089f0   0x080089f0   0x0000000e   Code   RO          990    i.HAL_PCD_ResumeCallback  usbd_conf.o
    0x080089fe   0x080089fe   0x0000000e   Code   RO          991    i.HAL_PCD_SOFCallback  usbd_conf.o
    0x08008a0c   0x08008a0c   0x00000036   Code   RO         1716    i.HAL_PCD_SetAddress  stm32f4xx_hal_pcd.o
    0x08008a42   0x08008a42   0x00000012   Code   RO          992    i.HAL_PCD_SetupStageCallback  usbd_conf.o
    0x08008a54   0x08008a54   0x0000004a   Code   RO         1719    i.HAL_PCD_Start     stm32f4xx_hal_pcd.o
    0x08008a9e   0x08008a9e   0x00000002   PAD
    0x08008aa0   0x08008aa0   0x00000034   Code   RO          993    i.HAL_PCD_SuspendCallback  usbd_conf.o
    0x08008ad4   0x08008ad4   0x000003ac   Code   RO         2390    i.HAL_RCCEx_PeriphCLKConfig  stm32f4xx_hal_rcc_ex.o
    0x08008e80   0x08008e80   0x000002c0   Code   RO         2285    i.HAL_RCC_ClockConfig  stm32f4xx_hal_rcc.o
    0x08009140   0x08009140   0x0000000c   Code   RO         2290    i.HAL_RCC_GetHCLKFreq  stm32f4xx_hal_rcc.o
    0x0800914c   0x0800914c   0x00000020   Code   RO         2292    i.HAL_RCC_GetPCLK1Freq  stm32f4xx_hal_rcc.o
    0x0800916c   0x0800916c   0x00000020   Code   RO         2293    i.HAL_RCC_GetPCLK2Freq  stm32f4xx_hal_rcc.o
    0x0800918c   0x0800918c   0x000000b0   Code   RO         2294    i.HAL_RCC_GetSysClockFreq  stm32f4xx_hal_rcc.o
    0x0800923c   0x0800923c   0x00000610   Code   RO         2297    i.HAL_RCC_OscConfig  stm32f4xx_hal_rcc.o
    0x0800984c   0x0800984c   0x00000084   Code   RO         4789    i.HAL_RNG_Init      stm32f4xx_hal_rng.o
    0x080098d0   0x080098d0   0x00000034   Code   RO          664    i.HAL_RNG_MspInit   rng.o
    0x08009904   0x08009904   0x00000188   Code   RO         4895    i.HAL_RTC_Init      stm32f4xx_hal_rtc.o
    0x08009a8c   0x08009a8c   0x00000040   Code   RO          706    i.HAL_RTC_MspInit   rtc.o
    0x08009acc   0x08009acc   0x0000003a   Code   RO         4903    i.HAL_RTC_WaitForSynchro  stm32f4xx_hal_rtc.o
    0x08009b06   0x08009b06   0x00000002   Code   RO         5291    i.HAL_SPI_ErrorCallback  stm32f4xx_hal_spi.o
    0x08009b08   0x08009b08   0x0000015c   Code   RO         5294    i.HAL_SPI_IRQHandler  stm32f4xx_hal_spi.o
    0x08009c64   0x08009c64   0x000002a8   Code   RO         5295    i.HAL_SPI_Init      stm32f4xx_hal_spi.o
    0x08009f0c   0x08009f0c   0x00000284   Code   RO          748    i.HAL_SPI_MspInit   spi.o
    0x0800a190   0x0800a190   0x00000170   Code   RO         5298    i.HAL_SPI_Receive   stm32f4xx_hal_spi.o
    0x0800a300   0x0800a300   0x00000200   Code   RO         5303    i.HAL_SPI_Transmit  stm32f4xx_hal_spi.o
    0x0800a500   0x0800a500   0x00000274   Code   RO         5304    i.HAL_SPI_TransmitReceive  stm32f4xx_hal_spi.o
    0x0800a774   0x0800a774   0x00000034   Code   RO         3084    i.HAL_SYSTICK_Config  stm32f4xx_hal_cortex.o
    0x0800a7a8   0x0800a7a8   0x00000002   Code   RO         6341    i.HAL_TIMEx_BreakCallback  stm32f4xx_hal_tim_ex.o
    0x0800a7aa   0x0800a7aa   0x00000002   Code   RO         6342    i.HAL_TIMEx_CommutCallback  stm32f4xx_hal_tim_ex.o
    0x0800a7ac   0x0800a7ac   0x00000002   Code   RO         6343    i.HAL_TIMEx_CommutHalfCpltCallback  stm32f4xx_hal_tim_ex.o
    0x0800a7ae   0x0800a7ae   0x00000002   PAD
    0x0800a7b0   0x0800a7b0   0x00000188   Code   RO         6344    i.HAL_TIMEx_ConfigBreakDeadTime  stm32f4xx_hal_tim_ex.o
    0x0800a938   0x0800a938   0x00000198   Code   RO         6360    i.HAL_TIMEx_MasterConfigSynchronization  stm32f4xx_hal_tim_ex.o
    0x0800aad0   0x0800aad0   0x000001c0   Code   RO         5608    i.HAL_TIM_Base_Init  stm32f4xx_hal_tim.o
    0x0800ac90   0x0800ac90   0x00000198   Code   RO          796    i.HAL_TIM_Base_MspInit  tim.o
    0x0800ae28   0x0800ae28   0x00000174   Code   RO         5613    i.HAL_TIM_Base_Start_IT  stm32f4xx_hal_tim.o
    0x0800af9c   0x0800af9c   0x00000598   Code   RO         5617    i.HAL_TIM_ConfigClockSource  stm32f4xx_hal_tim.o
    0x0800b534   0x0800b534   0x00000002   Code   RO         5638    i.HAL_TIM_ErrorCallback  stm32f4xx_hal_tim.o
    0x0800b536   0x0800b536   0x00000002   Code   RO         5642    i.HAL_TIM_IC_CaptureCallback  stm32f4xx_hal_tim.o
    0x0800b538   0x0800b538   0x00000002   Code   RO         5643    i.HAL_TIM_IC_CaptureHalfCpltCallback  stm32f4xx_hal_tim.o
    0x0800b53a   0x0800b53a   0x000001b6   Code   RO         5656    i.HAL_TIM_IRQHandler  stm32f4xx_hal_tim.o
    0x0800b6f0   0x0800b6f0   0x000001d8   Code   RO          797    i.HAL_TIM_MspPostInit  tim.o
    0x0800b8c8   0x0800b8c8   0x0000026c   Code   RO         5657    i.HAL_TIM_OC_ConfigChannel  stm32f4xx_hal_tim.o
    0x0800bb34   0x0800bb34   0x00000002   Code   RO         5659    i.HAL_TIM_OC_DelayElapsedCallback  stm32f4xx_hal_tim.o
    0x0800bb36   0x0800bb36   0x00000002   PAD
    0x0800bb38   0x0800bb38   0x000001c0   Code   RO         5661    i.HAL_TIM_OC_Init   stm32f4xx_hal_tim.o
    0x0800bcf8   0x0800bcf8   0x00000002   Code   RO         5663    i.HAL_TIM_OC_MspInit  stm32f4xx_hal_tim.o
    0x0800bcfa   0x0800bcfa   0x00000002   PAD
    0x0800bcfc   0x0800bcfc   0x00000300   Code   RO         5680    i.HAL_TIM_PWM_ConfigChannel  stm32f4xx_hal_tim.o
    0x0800bffc   0x0800bffc   0x000001c0   Code   RO         5683    i.HAL_TIM_PWM_Init  stm32f4xx_hal_tim.o
    0x0800c1bc   0x0800c1bc   0x00000002   Code   RO         5685    i.HAL_TIM_PWM_MspInit  stm32f4xx_hal_tim.o
    0x0800c1be   0x0800c1be   0x00000002   Code   RO         5686    i.HAL_TIM_PWM_PulseFinishedCallback  stm32f4xx_hal_tim.o
    0x0800c1c0   0x0800c1c0   0x00000002   Code   RO         5687    i.HAL_TIM_PWM_PulseFinishedHalfCpltCallback  stm32f4xx_hal_tim.o
    0x0800c1c2   0x0800c1c2   0x00000002   PAD
    0x0800c1c4   0x0800c1c4   0x00000230   Code   RO         5688    i.HAL_TIM_PWM_Start  stm32f4xx_hal_tim.o
    0x0800c3f4   0x0800c3f4   0x00000002   Code   RO         5694    i.HAL_TIM_PeriodElapsedCallback  stm32f4xx_hal_tim.o
    0x0800c3f6   0x0800c3f6   0x00000002   Code   RO         5695    i.HAL_TIM_PeriodElapsedHalfCpltCallback  stm32f4xx_hal_tim.o
    0x0800c3f8   0x0800c3f8   0x00000144   Code   RO         5697    i.HAL_TIM_RegisterCallback  stm32f4xx_hal_tim.o
    0x0800c53c   0x0800c53c   0x00000002   Code   RO         5700    i.HAL_TIM_TriggerCallback  stm32f4xx_hal_tim.o
    0x0800c53e   0x0800c53e   0x00000002   Code   RO         5701    i.HAL_TIM_TriggerHalfCpltCallback  stm32f4xx_hal_tim.o
    0x0800c540   0x0800c540   0x00000082   Code   RO         6617    i.HAL_UARTEx_ReceiveToIdle_DMA  stm32f4xx_hal_uart.o
    0x0800c5c2   0x0800c5c2   0x00000002   Code   RO         6619    i.HAL_UARTEx_RxEventCallback  stm32f4xx_hal_uart.o
    0x0800c5c4   0x0800c5c4   0x0000011a   Code   RO         6620    i.HAL_UART_Abort    stm32f4xx_hal_uart.o
    0x0800c6de   0x0800c6de   0x00000002   Code   RO         6621    i.HAL_UART_AbortCpltCallback  stm32f4xx_hal_uart.o
    0x0800c6e0   0x0800c6e0   0x00000002   Code   RO         6623    i.HAL_UART_AbortReceiveCpltCallback  stm32f4xx_hal_uart.o
    0x0800c6e2   0x0800c6e2   0x00000002   Code   RO         6626    i.HAL_UART_AbortTransmitCpltCallback  stm32f4xx_hal_uart.o
    0x0800c6e4   0x0800c6e4   0x00000150   Code   RO         6628    i.HAL_UART_Abort_IT  stm32f4xx_hal_uart.o
    0x0800c834   0x0800c834   0x0000008a   Code   RO         6631    i.HAL_UART_DMAStop  stm32f4xx_hal_uart.o
    0x0800c8be   0x0800c8be   0x00000002   Code   RO         6633    i.HAL_UART_ErrorCallback  stm32f4xx_hal_uart.o
    0x0800c8c0   0x0800c8c0   0x000002e0   Code   RO         6636    i.HAL_UART_IRQHandler  stm32f4xx_hal_uart.o
    0x0800cba0   0x0800cba0   0x00000198   Code   RO         6637    i.HAL_UART_Init     stm32f4xx_hal_uart.o
    0x0800cd38   0x0800cd38   0x00000360   Code   RO          880    i.HAL_UART_MspInit  usart.o
    0x0800d098   0x0800d098   0x000000dc   Code   RO         6640    i.HAL_UART_Receive  stm32f4xx_hal_uart.o
    0x0800d174   0x0800d174   0x00000042   Code   RO         6641    i.HAL_UART_Receive_DMA  stm32f4xx_hal_uart.o
    0x0800d1b6   0x0800d1b6   0x00000042   Code   RO         6642    i.HAL_UART_Receive_IT  stm32f4xx_hal_uart.o
    0x0800d1f8   0x0800d1f8   0x000000bc   Code   RO         6643    i.HAL_UART_RegisterCallback  stm32f4xx_hal_uart.o
    0x0800d2b4   0x0800d2b4   0x0000004c   Code   RO         6644    i.HAL_UART_RegisterRxEventCallback  stm32f4xx_hal_uart.o
    0x0800d300   0x0800d300   0x00000002   Code   RO         6645    i.HAL_UART_RxCpltCallback  stm32f4xx_hal_uart.o
    0x0800d302   0x0800d302   0x00000002   Code   RO         6646    i.HAL_UART_RxHalfCpltCallback  stm32f4xx_hal_uart.o
    0x0800d304   0x0800d304   0x00000002   Code   RO         6650    i.HAL_UART_TxCpltCallback  stm32f4xx_hal_uart.o
    0x0800d306   0x0800d306   0x00000002   Code   RO         6651    i.HAL_UART_TxHalfCpltCallback  stm32f4xx_hal_uart.o
    0x0800d308   0x0800d308   0x00000004   Code   RO         1351    i.HardFault_Handler  stm32f4xx_it.o
    0x0800d30c   0x0800d30c   0x00000010   Code   RO         1352    i.I2C2_ER_IRQHandler  stm32f4xx_it.o
    0x0800d31c   0x0800d31c   0x00000010   Code   RO         1353    i.I2C2_EV_IRQHandler  stm32f4xx_it.o
    0x0800d32c   0x0800d32c   0x00000010   Code   RO         1354    i.I2C3_ER_IRQHandler  stm32f4xx_it.o
    0x0800d33c   0x0800d33c   0x00000010   Code   RO         1355    i.I2C3_EV_IRQHandler  stm32f4xx_it.o
    0x0800d34c   0x0800d34c   0x0000001c   Code   RO         4339    i.I2C_ConvertOtherXferOptions  stm32f4xx_hal_i2c.o
    0x0800d368   0x0800d368   0x000000f8   Code   RO         4340    i.I2C_DMAAbort      stm32f4xx_hal_i2c.o
    0x0800d460   0x0800d460   0x000001ac   Code   RO         4343    i.I2C_ITError       stm32f4xx_hal_i2c.o
    0x0800d60c   0x0800d60c   0x00000126   Code   RO         4345    i.I2C_MasterReceive_BTF  stm32f4xx_hal_i2c.o
    0x0800d732   0x0800d732   0x000000f0   Code   RO         4346    i.I2C_MasterReceive_RXNE  stm32f4xx_hal_i2c.o
    0x0800d822   0x0800d822   0x000000a0   Code   RO         4349    i.I2C_MasterTransmit_BTF  stm32f4xx_hal_i2c.o
    0x0800d8c2   0x0800d8c2   0x000000d8   Code   RO         4350    i.I2C_MasterTransmit_TXE  stm32f4xx_hal_i2c.o
    0x0800d99a   0x0800d99a   0x0000002a   Code   RO         4351    i.I2C_Master_ADD10  stm32f4xx_hal_i2c.o
    0x0800d9c4   0x0800d9c4   0x00000268   Code   RO         4352    i.I2C_Master_ADDR   stm32f4xx_hal_i2c.o
    0x0800dc2c   0x0800dc2c   0x0000009e   Code   RO         4353    i.I2C_Master_SB     stm32f4xx_hal_i2c.o
    0x0800dcca   0x0800dcca   0x000000be   Code   RO         4354    i.I2C_MemoryTransmit_TXE_BTF  stm32f4xx_hal_i2c.o
    0x0800dd88   0x0800dd88   0x0000001a   Code   RO         4357    i.I2C_SlaveReceive_BTF  stm32f4xx_hal_i2c.o
    0x0800dda2   0x0800dda2   0x00000046   Code   RO         4358    i.I2C_SlaveReceive_RXNE  stm32f4xx_hal_i2c.o
    0x0800dde8   0x0800dde8   0x0000001a   Code   RO         4359    i.I2C_SlaveTransmit_BTF  stm32f4xx_hal_i2c.o
    0x0800de02   0x0800de02   0x00000046   Code   RO         4360    i.I2C_SlaveTransmit_TXE  stm32f4xx_hal_i2c.o
    0x0800de48   0x0800de48   0x00000070   Code   RO         4361    i.I2C_Slave_ADDR    stm32f4xx_hal_i2c.o
    0x0800deb8   0x0800deb8   0x000000a0   Code   RO         4362    i.I2C_Slave_AF      stm32f4xx_hal_i2c.o
    0x0800df58   0x0800df58   0x0000018c   Code   RO         4363    i.I2C_Slave_STOPF   stm32f4xx_hal_i2c.o
    0x0800e0e4   0x0800e0e4   0x00000050   Code   RO         4369    i.I2C_WaitOnSTOPRequestThroughIT  stm32f4xx_hal_i2c.o
    0x0800e134   0x0800e134   0x000000c8   Code   RO         9423    i.InitQueue         queue.o
    0x0800e1fc   0x0800e1fc   0x0000003e   Code   RO         1189    i.IntToUnicode      usbd_desc.o
    0x0800e23a   0x0800e23a   0x00000002   PAD
    0x0800e23c   0x0800e23c   0x00000150   Code   RO         8874    i.Key_Init          rc_ctrl_key.o
    0x0800e38c   0x0800e38c   0x000000e0   Code   RO         8875    i.Key_Register      rc_ctrl_key.o
    0x0800e46c   0x0800e46c   0x0000001c   Code   RO         8876    i.Left_Press_Hold   rc_ctrl_key.o
    0x0800e488   0x0800e488   0x00000070   Code   RO         8877    i.Left_Press_Release  rc_ctrl_key.o
    0x0800e4f8   0x0800e4f8   0x00000070   Code   RO          418    i.MX_ADC1_Init      adc.o
    0x0800e568   0x0800e568   0x00000048   Code   RO          460    i.MX_CAN1_Init      can.o
    0x0800e5b0   0x0800e5b0   0x00000048   Code   RO          461    i.MX_CAN2_Init      can.o
    0x0800e5f8   0x0800e5f8   0x00000020   Code   RO          509    i.MX_CRC_Init       crc.o
    0x0800e618   0x0800e618   0x0000003c   Code   RO          551    i.MX_DAC_Init       dac.o
    0x0800e654   0x0800e654   0x00000108   Code   RO          591    i.MX_DMA_Init       dma.o
    0x0800e75c   0x0800e75c   0x00000204   Code   RO          388    i.MX_GPIO_Init      gpio.o
    0x0800e960   0x0800e960   0x0000003c   Code   RO          617    i.MX_I2C2_Init      i2c.o
    0x0800e99c   0x0800e99c   0x0000003c   Code   RO          618    i.MX_I2C3_Init      i2c.o
    0x0800e9d8   0x0800e9d8   0x00000020   Code   RO          665    i.MX_RNG_Init       rng.o
    0x0800e9f8   0x0800e9f8   0x00000034   Code   RO          707    i.MX_RTC_Init       rtc.o
    0x0800ea2c   0x0800ea2c   0x00000048   Code   RO          749    i.MX_SPI1_Init      spi.o
    0x0800ea74   0x0800ea74   0x00000048   Code   RO          750    i.MX_SPI2_Init      spi.o
    0x0800eabc   0x0800eabc   0x0000006c   Code   RO          798    i.MX_TIM10_Init     tim.o
    0x0800eb28   0x0800eb28   0x00000108   Code   RO          799    i.MX_TIM1_Init      tim.o
    0x0800ec30   0x0800ec30   0x000000a0   Code   RO          800    i.MX_TIM4_Init      tim.o
    0x0800ecd0   0x0800ecd0   0x000000c4   Code   RO          801    i.MX_TIM5_Init      tim.o
    0x0800ed94   0x0800ed94   0x0000004c   Code   RO          802    i.MX_TIM6_Init      tim.o
    0x0800ede0   0x0800ede0   0x0000004c   Code   RO          803    i.MX_TIM7_Init      tim.o
    0x0800ee2c   0x0800ee2c   0x000000f4   Code   RO          804    i.MX_TIM8_Init      tim.o
    0x0800ef20   0x0800ef20   0x00000038   Code   RO          881    i.MX_USART1_UART_Init  usart.o
    0x0800ef58   0x0800ef58   0x00000040   Code   RO          882    i.MX_USART3_UART_Init  usart.o
    0x0800ef98   0x0800ef98   0x00000038   Code   RO          883    i.MX_USART6_UART_Init  usart.o
    0x0800efd0   0x0800efd0   0x0000004c   Code   RO          933    i.MX_USB_DEVICE_Init  usb_device.o
    0x0800f01c   0x0800f01c   0x00000720   Code   RO         9636    i.Mahony_AHRS_Update  mahony.o
    0x0800f73c   0x0800f73c   0x00000004   Code   RO         1356    i.MemManage_Handler  stm32f4xx_it.o
    0x0800f740   0x0800f740   0x0000006c   Code   RO         8878    i.Mode_Switch       rc_ctrl_key.o
    0x0800f7ac   0x0800f7ac   0x00000030   Code   RO         7951    i.Motor_Init        motor.o
    0x0800f7dc   0x0800f7dc   0x00000030   Code   RO         8013    i.Motor_Send_Data   motor.o
    0x0800f80c   0x0800f80c   0x00000038   Code   RO         7956    i.Motor_Speed_Loop_Config  motor.o
    0x0800f844   0x0800f844   0x0000006c   Code   RO         7957    i.Motor_Speed_Loop_Controller  motor.o
    0x0800f8b0   0x0800f8b0   0x00000004   Code   RO         1357    i.NMI_Handler       stm32f4xx_it.o
    0x0800f8b4   0x0800f8b4   0x00000010   Code   RO         1358    i.OTG_FS_IRQHandler  stm32f4xx_it.o
    0x0800f8c4   0x0800f8c4   0x00000064   Code   RO         1723    i.PCD_EP_OutSetupPacket_int  stm32f4xx_hal_pcd.o
    0x0800f928   0x0800f928   0x00000144   Code   RO         1724    i.PCD_EP_OutXfrComplete_int  stm32f4xx_hal_pcd.o
    0x0800fa6c   0x0800fa6c   0x000000b6   Code   RO         1725    i.PCD_WriteEmptyTxFifo  stm32f4xx_hal_pcd.o
    0x0800fb22   0x0800fb22   0x00000002   PAD
    0x0800fb24   0x0800fb24   0x000000d4   Code   RO         9357    i.PID_Init          pid.o
    0x0800fbf8   0x0800fbf8   0x00000002   Code   RO         1359    i.PendSV_Handler    stm32f4xx_it.o
    0x0800fbfa   0x0800fbfa   0x00000002   PAD
    0x0800fbfc   0x0800fbfc   0x0000006c   Code   RO         7958    i.Position_Update   motor.o
    0x0800fc68   0x0800fc68   0x0000004a   Code   RO         4906    i.RTC_EnterInitMode  stm32f4xx_hal_rtc.o
    0x0800fcb2   0x0800fcb2   0x0000002e   Code   RO         4907    i.RTC_ExitInitMode  stm32f4xx_hal_rtc.o
    0x0800fce0   0x0800fce0   0x0000002c   Code   RO         8879    i.Recover_Shoot     rc_ctrl_key.o
    0x0800fd0c   0x0800fd0c   0x00000064   Code   RO         8709    i.Reference_Init    reference.o
    0x0800fd70   0x0800fd70   0x00000024   Code   RO         8710    i.Reference_Rx_Callback  reference.o
    0x0800fd94   0x0800fd94   0x000002ec   Code   RO         8711    i.Reference_Rx_Handle  reference.o
    0x08010080   0x08010080   0x0000001e   Code   RO         8712    i.Reference_Timeout_Callback  reference.o
    0x0801009e   0x0801009e   0x00000002   PAD
    0x080100a0   0x080100a0   0x00000318   Code   RO         9813    i.Remote_Control    robo_control.o
    0x080103b8   0x080103b8   0x0000001c   Code   RO         8880    i.Right_Press_Hold  rc_ctrl_key.o
    0x080103d4   0x080103d4   0x00000070   Code   RO         8881    i.Right_Press_Release  rc_ctrl_key.o
    0x08010444   0x08010444   0x00000134   Code   RO         9814    i.Robo_Control_Init  robo_control.o
    0x08010578   0x08010578   0x00000348   Code   RO         9815    i.Robo_Control_Task  robo_control.o
    0x080108c0   0x080108c0   0x000000f0   Code   RO         9932    i.Robo_Middleware_Init  robo_common.o
    0x080109b0   0x080109b0   0x0000006c   Code   RO         7472    i.SEML_CAN_Init     can_if.o
    0x08010a1c   0x08010a1c   0x000000ec   Code   RO         7473    i.SEML_CAN_RxCallback  can_if.o
    0x08010b08   0x08010b08   0x0000001c   Code   RO         7474    i.SEML_CAN_Rxmessage_Register  can_if.o
    0x08010b24   0x08010b24   0x000000e0   Code   RO         7475    i.SEML_CAN_Send     can_if.o
    0x08010c04   0x08010c04   0x00000018   Code   RO         7565    i.SEML_GPIO_Pin_Reset  gpio_if.o
    0x08010c1c   0x08010c1c   0x00000018   Code   RO         7566    i.SEML_GPIO_Pin_Set  gpio_if.o
    0x08010c34   0x08010c34   0x00000078   Code   RO         7736    i.SEML_PWM_Init     pwm_if.o
    0x08010cac   0x08010cac   0x00000094   Code   RO         7737    i.SEML_PWM_Set_Duty  pwm_if.o
    0x08010d40   0x08010d40   0x00000060   Code   RO         7738    i.SEML_PWM_Set_Frec  pwm_if.o
    0x08010da0   0x08010da0   0x0000000e   Code   RO         7739    i.SEML_PWM_Start    pwm_if.o
    0x08010dae   0x08010dae   0x00000002   PAD
    0x08010db0   0x08010db0   0x00000088   Code   RO         7788    i.SEML_SPI_Register  spi_if.o
    0x08010e38   0x08010e38   0x00000074   Code   RO         7790    i.SEML_SPI_TransmitReceive  spi_if.o
    0x08010eac   0x08010eac   0x00000048   Code   RO         8535    i.SEML_Timer_Callback  timer.o
    0x08010ef4   0x08010ef4   0x000000bc   Code   RO         8536    i.SEML_Timer_Create  timer.o
    0x08010fb0   0x08010fb0   0x0000008c   Code   RO         8537    i.SEML_Timer_Delete  timer.o
    0x0801103c   0x0801103c   0x0000003c   Code   RO         8538    i.SEML_Timer_Reset  timer.o
    0x08011078   0x08011078   0x00000040   Code   RO         8539    i.SEML_Timer_Start  timer.o
    0x080110b8   0x080110b8   0x000000c8   Code   RO         8171    i.SEML_UARTEx_RxEventCallback  uart_if.o
    0x08011180   0x08011180   0x00000084   Code   RO         8172    i.SEML_UART_Abort   uart_if.o
    0x08011204   0x08011204   0x000000c4   Code   RO         8173    i.SEML_UART_Init    uart_if.o
    0x080112c8   0x080112c8   0x000000c4   Code   RO         8174    i.SEML_UART_Receive  uart_if.o
    0x0801138c   0x0801138c   0x00000044   Code   RO         8175    i.SEML_UART_Register_Callback  uart_if.o
    0x080113d0   0x080113d0   0x000000f0   Code   RO         8176    i.SEML_UART_Rx_Complete_Callback  uart_if.o
    0x080114c0   0x080114c0   0x0000009c   Code   RO         8178    i.SEML_UART_Tx_Complete_Callback  uart_if.o
    0x0801155c   0x0801155c   0x00000010   Code   RO         1360    i.SPI1_IRQHandler   stm32f4xx_it.o
    0x0801156c   0x0801156c   0x00000010   Code   RO         1361    i.SPI2_IRQHandler   stm32f4xx_it.o
    0x0801157c   0x0801157c   0x00000014   Code   RO         5322    i.SPI_DMAAbortOnError  stm32f4xx_hal_spi.o
    0x08011590   0x08011590   0x00000094   Code   RO         5332    i.SPI_EndRxTransaction  stm32f4xx_hal_spi.o
    0x08011624   0x08011624   0x0000006c   Code   RO         5333    i.SPI_EndRxTxTransaction  stm32f4xx_hal_spi.o
    0x08011690   0x08011690   0x000000d8   Code   RO         5338    i.SPI_WaitFlagStateUntilTimeout  stm32f4xx_hal_spi.o
    0x08011768   0x08011768   0x00000002   Code   RO         1362    i.SVC_Handler       stm32f4xx_it.o
    0x0801176a   0x0801176a   0x00000012   Code   RO         7204    i.SWAPBYTE          usbd_ctlreq.o
    0x0801177c   0x0801177c   0x000000f4   Code   RO         9969    i.Shoot_Close_Firc  robo_shoot.o
    0x08011870   0x08011870   0x00000090   Code   RO         9970    i.Shoot_Close_Fire  robo_shoot.o
    0x08011900   0x08011900   0x00000194   Code   RO         9971    i.Shoot_Init        robo_shoot.o
    0x08011a94   0x08011a94   0x00000084   Code   RO         9972    i.Shoot_Open_Firc   robo_shoot.o
    0x08011b18   0x08011b18   0x00000168   Code   RO         9973    i.Shoot_Open_Fire   robo_shoot.o
    0x08011c80   0x08011c80   0x0000004c   Code   RO         9974    i.Shoot_Recover     robo_shoot.o
    0x08011ccc   0x08011ccc   0x00000128   Code   RO         9975    i.Shoot_Task        robo_shoot.o
    0x08011df4   0x08011df4   0x0000002c   Code   RO         8884    i.Stop_Recover      rc_ctrl_key.o
    0x08011e20   0x08011e20   0x0000003e   Code   RO         8803    i.SupCapFdbData     supercap.o
    0x08011e5e   0x08011e5e   0x00000008   Code   RO         1363    i.SysTick_Handler   stm32f4xx_it.o
    0x08011e66   0x08011e66   0x00000002   PAD
    0x08011e68   0x08011e68   0x000000b4   Code   RO           14    i.SystemClock_Config  main.o
    0x08011f1c   0x08011f1c   0x00000014   Code   RO         7006    i.SystemInit        system_stm32f4xx.o
    0x08011f30   0x08011f30   0x00000010   Code   RO         1364    i.TIM4_IRQHandler   stm32f4xx_it.o
    0x08011f40   0x08011f40   0x00000018   Code   RO         1365    i.TIM6_DAC_IRQHandler  stm32f4xx_it.o
    0x08011f58   0x08011f58   0x00000010   Code   RO         1366    i.TIM7_IRQHandler   stm32f4xx_it.o
    0x08011f68   0x08011f68   0x00000010   Code   RO         1367    i.TIM8_TRG_COM_TIM14_IRQHandler  stm32f4xx_it.o
    0x08011f78   0x08011f78   0x000000d8   Code   RO         5703    i.TIM_Base_SetConfig  stm32f4xx_hal_tim.o
    0x08012050   0x08012050   0x00000104   Code   RO         5704    i.TIM_CCxChannelCmd  stm32f4xx_hal_tim.o
    0x08012154   0x08012154   0x00000016   Code   RO         5714    i.TIM_ETR_SetConfig  stm32f4xx_hal_tim.o
    0x0801216a   0x0801216a   0x00000012   Code   RO         5715    i.TIM_ITRx_SetConfig  stm32f4xx_hal_tim.o
    0x0801217c   0x0801217c   0x000000fc   Code   RO         5716    i.TIM_OC1_SetConfig  stm32f4xx_hal_tim.o
    0x08012278   0x08012278   0x00000104   Code   RO         5717    i.TIM_OC2_SetConfig  stm32f4xx_hal_tim.o
    0x0801237c   0x0801237c   0x00000104   Code   RO         5718    i.TIM_OC3_SetConfig  stm32f4xx_hal_tim.o
    0x08012480   0x08012480   0x000000b0   Code   RO         5719    i.TIM_OC4_SetConfig  stm32f4xx_hal_tim.o
    0x08012530   0x08012530   0x00000070   Code   RO         5720    i.TIM_ResetCallback  stm32f4xx_hal_tim.o
    0x080125a0   0x080125a0   0x00000026   Code   RO         5722    i.TIM_TI1_ConfigInputStage  stm32f4xx_hal_tim.o
    0x080125c6   0x080125c6   0x00000028   Code   RO         5724    i.TIM_TI2_ConfigInputStage  stm32f4xx_hal_tim.o
    0x080125ee   0x080125ee   0x0000001a   Code   RO         8258    i.Task_List_Add     event_os.o
    0x08012608   0x08012608   0x00000026   Code   RO         8259    i.Task_List_Del     event_os.o
    0x0801262e   0x0801262e   0x00000014   Code   RO         6654    i.UART_DMAAbortOnError  stm32f4xx_hal_uart.o
    0x08012642   0x08012642   0x00000050   Code   RO         6655    i.UART_DMAError     stm32f4xx_hal_uart.o
    0x08012692   0x08012692   0x000000b0   Code   RO         6656    i.UART_DMAReceiveCplt  stm32f4xx_hal_uart.o
    0x08012742   0x08012742   0x00000038   Code   RO         6657    i.UART_DMARxAbortCallback  stm32f4xx_hal_uart.o
    0x0801277a   0x0801277a   0x00000020   Code   RO         6658    i.UART_DMARxHalfCplt  stm32f4xx_hal_uart.o
    0x0801279a   0x0801279a   0x00000038   Code   RO         6661    i.UART_DMATxAbortCallback  stm32f4xx_hal_uart.o
    0x080127d2   0x080127d2   0x0000006c   Code   RO         6664    i.UART_EndRxTransfer  stm32f4xx_hal_uart.o
    0x0801283e   0x0801283e   0x00000020   Code   RO         6665    i.UART_EndTransmit_IT  stm32f4xx_hal_uart.o
    0x0801285e   0x0801285e   0x00000026   Code   RO         6666    i.UART_EndTxTransfer  stm32f4xx_hal_uart.o
    0x08012884   0x08012884   0x0000004c   Code   RO         6667    i.UART_InitCallbacksToDefault  stm32f4xx_hal_uart.o
    0x080128d0   0x080128d0   0x000000f8   Code   RO         6668    i.UART_Receive_IT   stm32f4xx_hal_uart.o
    0x080129c8   0x080129c8   0x000002e0   Code   RO         6669    i.UART_SetConfig    stm32f4xx_hal_uart.o
    0x08012ca8   0x08012ca8   0x000000d0   Code   RO         6670    i.UART_Start_Receive_DMA  stm32f4xx_hal_uart.o
    0x08012d78   0x08012d78   0x0000004a   Code   RO         6671    i.UART_Start_Receive_IT  stm32f4xx_hal_uart.o
    0x08012dc2   0x08012dc2   0x00000060   Code   RO         6672    i.UART_Transmit_IT  stm32f4xx_hal_uart.o
    0x08012e22   0x08012e22   0x00000092   Code   RO         6673    i.UART_WaitOnFlagUntilTimeout  stm32f4xx_hal_uart.o
    0x08012eb4   0x08012eb4   0x00000010   Code   RO         1368    i.USART1_IRQHandler  stm32f4xx_it.o
    0x08012ec4   0x08012ec4   0x00000040   Code   RO         1369    i.USART3_IRQHandler  stm32f4xx_it.o
    0x08012f04   0x08012f04   0x00000010   Code   RO         1370    i.USART6_IRQHandler  stm32f4xx_it.o
    0x08012f14   0x08012f14   0x000000c4   Code   RO         7367    i.USBD_CDC_DataIn   usbd_cdc.o
    0x08012fd8   0x08012fd8   0x00000048   Code   RO         7368    i.USBD_CDC_DataOut  usbd_cdc.o
    0x08013020   0x08013020   0x000000d4   Code   RO         7369    i.USBD_CDC_DeInit   usbd_cdc.o
    0x080130f4   0x080130f4   0x00000050   Code   RO         7370    i.USBD_CDC_EP0_RxReady  usbd_cdc.o
    0x08013144   0x08013144   0x00000010   Code   RO         7371    i.USBD_CDC_GetDeviceQualifierDescriptor  usbd_cdc.o
    0x08013154   0x08013154   0x00000044   Code   RO         7372    i.USBD_CDC_GetFSCfgDesc  usbd_cdc.o
    0x08013198   0x08013198   0x00000048   Code   RO         7373    i.USBD_CDC_GetHSCfgDesc  usbd_cdc.o
    0x080131e0   0x080131e0   0x00000044   Code   RO         7374    i.USBD_CDC_GetOtherSpeedCfgDesc  usbd_cdc.o
    0x08013224   0x08013224   0x000001a0   Code   RO         7375    i.USBD_CDC_Init     usbd_cdc.o
    0x080133c4   0x080133c4   0x00000050   Code   RO         7376    i.USBD_CDC_ReceivePacket  usbd_cdc.o
    0x08013414   0x08013414   0x00000018   Code   RO         7377    i.USBD_CDC_RegisterInterface  usbd_cdc.o
    0x0801342c   0x0801342c   0x0000001e   Code   RO         7378    i.USBD_CDC_SetRxBuffer  usbd_cdc.o
    0x0801344a   0x0801344a   0x00000024   Code   RO         7379    i.USBD_CDC_SetTxBuffer  usbd_cdc.o
    0x0801346e   0x0801346e   0x00000140   Code   RO         7380    i.USBD_CDC_Setup    usbd_cdc.o
    0x080135ae   0x080135ae   0x00000002   PAD
    0x080135b0   0x080135b0   0x00000064   Code   RO         7381    i.USBD_CDC_TransmitPacket  usbd_cdc.o
    0x08013614   0x08013614   0x0000001c   Code   RO         7042    i.USBD_ClrClassConfig  usbd_core.o
    0x08013630   0x08013630   0x0000003e   Code   RO         7205    i.USBD_ClrFeature   usbd_ctlreq.o
    0x0801366e   0x0801366e   0x00000006   Code   RO         7043    i.USBD_CoreFindEP   usbd_core.o
    0x08013674   0x08013674   0x00000006   Code   RO         7044    i.USBD_CoreFindIF   usbd_core.o
    0x0801367a   0x0801367a   0x00000018   Code   RO         7307    i.USBD_CtlContinueRx  usbd_ioreq.o
    0x08013692   0x08013692   0x00000018   Code   RO         7308    i.USBD_CtlContinueSendData  usbd_ioreq.o
    0x080136aa   0x080136aa   0x00000018   Code   RO         7206    i.USBD_CtlError     usbd_ctlreq.o
    0x080136c2   0x080136c2   0x00000028   Code   RO         7309    i.USBD_CtlPrepareRx  usbd_ioreq.o
    0x080136ea   0x080136ea   0x0000001a   Code   RO         7310    i.USBD_CtlReceiveStatus  usbd_ioreq.o
    0x08013704   0x08013704   0x00000022   Code   RO         7311    i.USBD_CtlSendData  usbd_ioreq.o
    0x08013726   0x08013726   0x0000001a   Code   RO         7312    i.USBD_CtlSendStatus  usbd_ioreq.o
    0x08013740   0x08013740   0x00000034   Code   RO         1190    i.USBD_FS_ConfigStrDescriptor  usbd_desc.o
    0x08013774   0x08013774   0x00000010   Code   RO         1191    i.USBD_FS_DeviceDescriptor  usbd_desc.o
    0x08013784   0x08013784   0x00000038   Code   RO         1192    i.USBD_FS_InterfaceStrDescriptor  usbd_desc.o
    0x080137bc   0x080137bc   0x00000010   Code   RO         1193    i.USBD_FS_LangIDStrDescriptor  usbd_desc.o
    0x080137cc   0x080137cc   0x00000028   Code   RO         1194    i.USBD_FS_ManufacturerStrDescriptor  usbd_desc.o
    0x080137f4   0x080137f4   0x0000003c   Code   RO         1195    i.USBD_FS_ProductStrDescriptor  usbd_desc.o
    0x08013830   0x08013830   0x00000018   Code   RO         1196    i.USBD_FS_SerialStrDescriptor  usbd_desc.o
    0x08013848   0x08013848   0x00000056   Code   RO         7207    i.USBD_GetConfig    usbd_ctlreq.o
    0x0801389e   0x0801389e   0x000001fc   Code   RO         7208    i.USBD_GetDescriptor  usbd_ctlreq.o
    0x08013a9a   0x08013a9a   0x00000050   Code   RO         7046    i.USBD_GetEpDesc    usbd_core.o
    0x08013aea   0x08013aea   0x00000016   Code   RO         7209    i.USBD_GetLen       usbd_ctlreq.o
    0x08013b00   0x08013b00   0x00000014   Code   RO         7047    i.USBD_GetNextDesc  usbd_core.o
    0x08013b14   0x08013b14   0x0000005a   Code   RO         7210    i.USBD_GetStatus    usbd_ctlreq.o
    0x08013b6e   0x08013b6e   0x00000054   Code   RO         7211    i.USBD_GetString    usbd_ctlreq.o
    0x08013bc2   0x08013bc2   0x0000002c   Code   RO          994    i.USBD_Get_USB_Status  usbd_conf.o
    0x08013bee   0x08013bee   0x0000003a   Code   RO         7048    i.USBD_Init         usbd_core.o
    0x08013c28   0x08013c28   0x00000026   Code   RO          995    i.USBD_LL_ClearStallEP  usbd_conf.o
    0x08013c4e   0x08013c4e   0x00000026   Code   RO          996    i.USBD_LL_CloseEP   usbd_conf.o
    0x08013c74   0x08013c74   0x00000108   Code   RO         7049    i.USBD_LL_DataInStage  usbd_core.o
    0x08013d7c   0x08013d7c   0x00000102   Code   RO         7050    i.USBD_LL_DataOutStage  usbd_core.o
    0x08013e7e   0x08013e7e   0x00000006   Code   RO         7051    i.USBD_LL_DevConnected  usbd_core.o
    0x08013e84   0x08013e84   0x00000026   Code   RO         7052    i.USBD_LL_DevDisconnected  usbd_core.o
    0x08013eaa   0x08013eaa   0x00000012   Code   RO         1000    i.USBD_LL_GetRxDataSize  usbd_conf.o
    0x08013ebc   0x08013ebc   0x00000068   Code   RO         1001    i.USBD_LL_Init      usbd_conf.o
    0x08013f24   0x08013f24   0x00000038   Code   RO         1002    i.USBD_LL_IsStallEP  usbd_conf.o
    0x08013f5c   0x08013f5c   0x00000048   Code   RO         7053    i.USBD_LL_IsoINIncomplete  usbd_core.o
    0x08013fa4   0x08013fa4   0x00000048   Code   RO         7054    i.USBD_LL_IsoOUTIncomplete  usbd_core.o
    0x08013fec   0x08013fec   0x00000030   Code   RO         1003    i.USBD_LL_OpenEP    usbd_conf.o
    0x0801401c   0x0801401c   0x00000030   Code   RO         1004    i.USBD_LL_PrepareReceive  usbd_conf.o
    0x0801404c   0x0801404c   0x0000006c   Code   RO         7055    i.USBD_LL_Reset     usbd_core.o
    0x080140b8   0x080140b8   0x00000016   Code   RO         7056    i.USBD_LL_Resume    usbd_core.o
    0x080140ce   0x080140ce   0x00000028   Code   RO         7057    i.USBD_LL_SOF       usbd_core.o
    0x080140f6   0x080140f6   0x00000008   Code   RO         7058    i.USBD_LL_SetSpeed  usbd_core.o
    0x080140fe   0x080140fe   0x00000026   Code   RO         1005    i.USBD_LL_SetUSBAddress  usbd_conf.o
    0x08014124   0x08014124   0x00000076   Code   RO         7059    i.USBD_LL_SetupStage  usbd_core.o
    0x0801419a   0x0801419a   0x00000026   Code   RO         1006    i.USBD_LL_StallEP   usbd_conf.o
    0x080141c0   0x080141c0   0x0000001e   Code   RO         1007    i.USBD_LL_Start     usbd_conf.o
    0x080141de   0x080141de   0x00000014   Code   RO         7060    i.USBD_LL_Suspend   usbd_core.o
    0x080141f2   0x080141f2   0x00000030   Code   RO         1009    i.USBD_LL_Transmit  usbd_conf.o
    0x08014222   0x08014222   0x00000036   Code   RO         7212    i.USBD_ParseSetupRequest  usbd_ctlreq.o
    0x08014258   0x08014258   0x00000048   Code   RO         7061    i.USBD_RegisterClass  usbd_core.o
    0x080142a0   0x080142a0   0x00000006   Code   RO         7062    i.USBD_RunTestMode  usbd_core.o
    0x080142a6   0x080142a6   0x0000005a   Code   RO         7213    i.USBD_SetAddress   usbd_ctlreq.o
    0x08014300   0x08014300   0x00000020   Code   RO         7063    i.USBD_SetClassConfig  usbd_core.o
    0x08014320   0x08014320   0x00000104   Code   RO         7214    i.USBD_SetConfig    usbd_ctlreq.o
    0x08014424   0x08014424   0x00000038   Code   RO         7215    i.USBD_SetFeature   usbd_ctlreq.o
    0x0801445c   0x0801445c   0x0000000c   Code   RO         7064    i.USBD_Start        usbd_core.o
    0x08014468   0x08014468   0x000000ae   Code   RO         7216    i.USBD_StdDevReq    usbd_ctlreq.o
    0x08014516   0x08014516   0x00000280   Code   RO         7217    i.USBD_StdEPReq     usbd_ctlreq.o
    0x08014796   0x08014796   0x000000ae   Code   RO         7218    i.USBD_StdItfReq    usbd_ctlreq.o
    0x08014844   0x08014844   0x00000002   Code   RO         1010    i.USBD_static_free  usbd_conf.o
    0x08014846   0x08014846   0x00000002   PAD
    0x08014848   0x08014848   0x0000000c   Code   RO         1011    i.USBD_static_malloc  usbd_conf.o
    0x08014854   0x08014854   0x000000d0   Code   RO         1974    i.USB_ActivateEndpoint  stm32f4xx_ll_usb.o
    0x08014924   0x08014924   0x00000028   Code   RO         1976    i.USB_ActivateSetup  stm32f4xx_ll_usb.o
    0x0801494c   0x0801494c   0x00000084   Code   RO         1978    i.USB_CoreInit      stm32f4xx_ll_usb.o
    0x080149d0   0x080149d0   0x00000058   Code   RO         1979    i.USB_CoreReset     stm32f4xx_ll_usb.o
    0x08014a28   0x08014a28   0x0000014c   Code   RO         1982    i.USB_DeactivateEndpoint  stm32f4xx_ll_usb.o
    0x08014b74   0x08014b74   0x00000024   Code   RO         1983    i.USB_DevConnect    stm32f4xx_ll_usb.o
    0x08014b98   0x08014b98   0x00000024   Code   RO         1984    i.USB_DevDisconnect  stm32f4xx_ll_usb.o
    0x08014bbc   0x08014bbc   0x000001e0   Code   RO         1985    i.USB_DevInit       stm32f4xx_ll_usb.o
    0x08014d9c   0x08014d9c   0x0000000e   Code   RO         1986    i.USB_DisableGlobalInt  stm32f4xx_ll_usb.o
    0x08014daa   0x08014daa   0x00000002   PAD
    0x08014dac   0x08014dac   0x000001dc   Code   RO         1989    i.USB_EP0StartXfer  stm32f4xx_ll_usb.o
    0x08014f88   0x08014f88   0x00000070   Code   RO         1990    i.USB_EP0_OutStart  stm32f4xx_ll_usb.o
    0x08014ff8   0x08014ff8   0x0000008e   Code   RO         1991    i.USB_EPClearStall  stm32f4xx_ll_usb.o
    0x08015086   0x08015086   0x0000009a   Code   RO         1992    i.USB_EPSetStall    stm32f4xx_ll_usb.o
    0x08015120   0x08015120   0x00000348   Code   RO         1993    i.USB_EPStartXfer   stm32f4xx_ll_usb.o
    0x08015468   0x08015468   0x000000ec   Code   RO         1994    i.USB_EPStopXfer    stm32f4xx_ll_usb.o
    0x08015554   0x08015554   0x0000000e   Code   RO         1995    i.USB_EnableGlobalInt  stm32f4xx_ll_usb.o
    0x08015562   0x08015562   0x00000002   PAD
    0x08015564   0x08015564   0x00000054   Code   RO         1996    i.USB_FlushRxFifo   stm32f4xx_ll_usb.o
    0x080155b8   0x080155b8   0x00000058   Code   RO         1997    i.USB_FlushTxFifo   stm32f4xx_ll_usb.o
    0x08015610   0x08015610   0x00000026   Code   RO         1999    i.USB_GetDevSpeed   stm32f4xx_ll_usb.o
    0x08015636   0x08015636   0x0000000a   Code   RO         2001    i.USB_GetMode       stm32f4xx_ll_usb.o
    0x08015640   0x08015640   0x00000014   Code   RO        10151    i.USB_Init          robo_usb.o
    0x08015654   0x08015654   0x00000014   Code   RO         2008    i.USB_ReadDevAllInEpInterrupt  stm32f4xx_ll_usb.o
    0x08015668   0x08015668   0x00000014   Code   RO         2009    i.USB_ReadDevAllOutEpInterrupt  stm32f4xx_ll_usb.o
    0x0801567c   0x0801567c   0x00000032   Code   RO         2010    i.USB_ReadDevInEPInterrupt  stm32f4xx_ll_usb.o
    0x080156ae   0x080156ae   0x0000001a   Code   RO         2011    i.USB_ReadDevOutEPInterrupt  stm32f4xx_ll_usb.o
    0x080156c8   0x080156c8   0x0000000a   Code   RO         2012    i.USB_ReadInterrupts  stm32f4xx_ll_usb.o
    0x080156d2   0x080156d2   0x00000060   Code   RO         2013    i.USB_ReadPacket    stm32f4xx_ll_usb.o
    0x08015732   0x08015732   0x00000068   Code   RO         2015    i.USB_SetCurrentMode  stm32f4xx_ll_usb.o
    0x0801579a   0x0801579a   0x0000002a   Code   RO         2016    i.USB_SetDevAddress  stm32f4xx_ll_usb.o
    0x080157c4   0x080157c4   0x00000012   Code   RO         2017    i.USB_SetDevSpeed   stm32f4xx_ll_usb.o
    0x080157d6   0x080157d6   0x00000002   PAD
    0x080157d8   0x080157d8   0x000000e8   Code   RO         2018    i.USB_SetTurnaroundTime  stm32f4xx_ll_usb.o
    0x080158c0   0x080158c0   0x00000014   Code   RO        10152    i.USB_Task          robo_usb.o
    0x080158d4   0x080158d4   0x00000044   Code   RO         2021    i.USB_WritePacket   stm32f4xx_ll_usb.o
    0x08015918   0x08015918   0x00000004   Code   RO         1371    i.UsageFault_Handler  stm32f4xx_it.o
    0x0801591c   0x0801591c   0x00000054   Code   RO         9359    i.Zero_Crossing_Process  pid.o
    0x08015970   0x08015970   0x00000030   Code   RO        10918    i.__ARM_fpclassify  m_wm.l(fpclassify.o)
    0x080159a0   0x080159a0   0x00000026   Code   RO        10920    i.__ARM_fpclassifyf  m_wm.l(fpclassifyf.o)
    0x080159c6   0x080159c6   0x00000014   Code   RO         9039    i.__ARM_isinff      math_common.o
    0x080159da   0x080159da   0x00000014   Code   RO         9637    i.__ARM_isinff      mahony.o
    0x080159ee   0x080159ee   0x0000000e   Code   RO         9040    i.__ARM_isnanf      math_common.o
    0x080159fc   0x080159fc   0x0000000e   Code   RO         9638    i.__ARM_isnanf      mahony.o
    0x08015a0a   0x08015a0a   0x00000042   Code   RO         7477    i.__CAN_Filter_Config  can_if.o
    0x08015a4c   0x08015a4c   0x00000010   Code   RO         3086    i.__NVIC_GetPriorityGrouping  stm32f4xx_hal_cortex.o
    0x08015a5c   0x08015a5c   0x00000028   Code   RO         3087    i.__NVIC_SetPriority  stm32f4xx_hal_cortex.o
    0x08015a84   0x08015a84   0x0000012c   Code   RO        10716    i.__hardfp_asinf    m_wm.l(asinf.o)
    0x08015bb0   0x08015bb0   0x000000c8   Code   RO        10754    i.__hardfp_cos      m_wm.l(cos.o)
    0x08015c78   0x08015c78   0x00000358   Code   RO        10766    i.__hardfp_exp      m_wm.l(exp.o)
    0x08015fd0   0x08015fd0   0x00000c50   Code   RO        10794    i.__hardfp_pow      m_wm.l(pow.o)
    0x08016c20   0x08016c20   0x000000c8   Code   RO        10808    i.__hardfp_sin      m_wm.l(sin.o)
    0x08016ce8   0x08016ce8   0x0000007a   Code   RO        10820    i.__hardfp_sqrt     m_wm.l(sqrt.o)
    0x08016d62   0x08016d62   0x00000006   PAD
    0x08016d68   0x08016d68   0x00000438   Code   RO        10939    i.__ieee754_rem_pio2  m_wm.l(rred.o)
    0x080171a0   0x080171a0   0x00000170   Code   RO        10895    i.__kernel_cos      m_wm.l(cos_i.o)
    0x08017310   0x08017310   0x000000f8   Code   RO        10936    i.__kernel_poly     m_wm.l(poly.o)
    0x08017408   0x08017408   0x00000130   Code   RO        10944    i.__kernel_sin      m_wm.l(sin_i.o)
    0x08017538   0x08017538   0x00000030   Code   RO        10898    i.__mathlib_dbl_divzero  m_wm.l(dunder.o)
    0x08017568   0x08017568   0x00000014   Code   RO        10899    i.__mathlib_dbl_infnan  m_wm.l(dunder.o)
    0x0801757c   0x0801757c   0x00000014   Code   RO        10900    i.__mathlib_dbl_infnan2  m_wm.l(dunder.o)
    0x08017590   0x08017590   0x00000020   Code   RO        10901    i.__mathlib_dbl_invalid  m_wm.l(dunder.o)
    0x080175b0   0x080175b0   0x00000020   Code   RO        10902    i.__mathlib_dbl_overflow  m_wm.l(dunder.o)
    0x080175d0   0x080175d0   0x00000020   Code   RO        10904    i.__mathlib_dbl_underflow  m_wm.l(dunder.o)
    0x080175f0   0x080175f0   0x00000006   Code   RO        10923    i.__mathlib_flt_infnan  m_wm.l(funder.o)
    0x080175f6   0x080175f6   0x00000002   PAD
    0x080175f8   0x080175f8   0x00000010   Code   RO        10925    i.__mathlib_flt_invalid  m_wm.l(funder.o)
    0x08017608   0x08017608   0x00000010   Code   RO        10928    i.__mathlib_flt_underflow  m_wm.l(funder.o)
    0x08017618   0x08017618   0x00000002   Code   RO           15    i.assert_failed     main.o
    0x0801761a   0x0801761a   0x00000002   PAD
    0x0801761c   0x0801761c   0x000001cc   Code   RO        10033    i.autoSolveTrajectory  robo_aa.o
    0x080177e8   0x080177e8   0x00000180   Code   RO         9756    i.coordinate_conversion  robo_chassis.o
    0x08017968   0x08017968   0x00000018   Code   RO        10914    i.fabs              m_wm.l(fabs.o)
    0x08017980   0x08017980   0x00000034   Code   RO         1629    i.get_CRC16_check_sum  crc8_crc16.o
    0x080179b4   0x080179b4   0x00000014   Code   RO        10153    i.get_received_packet  robo_usb.o
    0x080179c8   0x080179c8   0x0000006c   Code   RO        10155    i.init_packet       robo_usb.o
    0x08017a34   0x08017a34   0x00000060   Code   RO        10035    i.loop_constrain    robo_aa.o
    0x08017a94   0x08017a94   0x0000021c   Code   RO           16    i.main              main.o
    0x08017cb0   0x08017cb0   0x000000b8   Code   RO         9043    i.math_atan         math_common.o
    0x08017d68   0x08017d68   0x000000b8   Code   RO         9044    i.math_atan2        math_common.o
    0x08017e20   0x08017e20   0x0000008e   Code   RO         8355    i.message_Data_Update  message.o
    0x08017eae   0x08017eae   0x00000032   Code   RO         8356    i.message_Empty_Serach  message.o
    0x08017ee0   0x08017ee0   0x00000070   Code   RO         8357    i.message_ID_Search  message.o
    0x08017f50   0x08017f50   0x000000dc   Code   RO         8359    i.message_List_Init  message.o
    0x0801802c   0x0801802c   0x000001fc   Code   RO         8361    i.message_List_Register  message.o
    0x08018228   0x08018228   0x00000150   Code   RO         8362    i.message_List_Update  message.o
    0x08018378   0x08018378   0x0000007a   Code   RO         8363    i.message_Oldest_Serach  message.o
    0x080183f2   0x080183f2   0x00000002   PAD
    0x080183f4   0x080183f4   0x0000007c   Code   RO        10156    i.navigation_handler  robo_usb.o
    0x08018470   0x08018470   0x0000017c   Code   RO         9050    i.negative_log      math_common.o
    0x080185ec   0x080185ec   0x00000114   Code   RO         9425    i.queue_reapply     queue.o
    0x08018700   0x08018700   0x0000006c   Code   RO        10157    i.receive           robo_usb.o
    0x0801876c   0x0801876c   0x00000034   Code   RO         8715    i.ref_get_crc16     reference.o
    0x080187a0   0x080187a0   0x00000024   Code   RO         8716    i.ref_get_crc8      reference.o
    0x080187c4   0x080187c4   0x00000044   Code   RO         8717    i.ref_verify_crc16  reference.o
    0x08018808   0x08018808   0x0000002e   Code   RO         8718    i.ref_verify_crc8   reference.o
    0x08018836   0x08018836   0x00000002   PAD
    0x08018838   0x08018838   0x00000038   Code   RO        10158    i.send              robo_usb.o
    0x08018870   0x08018870   0x00000014   Code   RO        10161    i.set_send_packet   robo_usb.o
    0x08018884   0x08018884   0x0000006e   Code   RO        10822    i.sqrt              m_wm.l(sqrt.o)
    0x080188f2   0x080188f2   0x0000003e   Code   RO        10952    i.sqrtf             m_wm.l(sqrtf.o)
    0x08018930   0x08018930   0x00000018   Code   RO        10870    x$fpl$basic         fz_wm.l(basic.o)
    0x08018948   0x08018948   0x00000062   Code   RO        10692    x$fpl$d2f           fz_wm.l(d2f.o)
    0x080189aa   0x080189aa   0x00000002   PAD
    0x080189ac   0x080189ac   0x00000150   Code   RO        10694    x$fpl$dadd          fz_wm.l(daddsub_clz.o)
    0x08018afc   0x08018afc   0x00000010   Code   RO        11051    x$fpl$dcheck1       fz_wm.l(dcheck1.o)
    0x08018b0c   0x08018b0c   0x00000018   Code   RO        10872    x$fpl$dcmpinf       fz_wm.l(dcmpi.o)
    0x08018b24   0x08018b24   0x000002b0   Code   RO        10701    x$fpl$ddiv          fz_wm.l(ddiv.o)
    0x08018dd4   0x08018dd4   0x0000005e   Code   RO        10876    x$fpl$dfix          fz_wm.l(dfix.o)
    0x08018e32   0x08018e32   0x0000002e   Code   RO        10705    x$fpl$dflt          fz_wm.l(dflt_clz.o)
    0x08018e60   0x08018e60   0x00000026   Code   RO        10704    x$fpl$dfltu         fz_wm.l(dflt_clz.o)
    0x08018e86   0x08018e86   0x00000002   PAD
    0x08018e88   0x08018e88   0x00000078   Code   RO        10710    x$fpl$dleqf         fz_wm.l(dleqf.o)
    0x08018f00   0x08018f00   0x00000154   Code   RO        10712    x$fpl$dmul          fz_wm.l(dmul.o)
    0x08019054   0x08019054   0x0000009c   Code   RO        10880    x$fpl$dnaninf       fz_wm.l(dnaninf.o)
    0x080190f0   0x080190f0   0x0000000c   Code   RO        10882    x$fpl$dretinf       fz_wm.l(dretinf.o)
    0x080190fc   0x080190fc   0x0000006c   Code   RO        10884    x$fpl$drleqf        fz_wm.l(drleqf.o)
    0x08019168   0x08019168   0x00000016   Code   RO        10695    x$fpl$drsb          fz_wm.l(daddsub_clz.o)
    0x0801917e   0x0801917e   0x00000002   PAD
    0x08019180   0x08019180   0x00000198   Code   RO        10886    x$fpl$dsqrt         fz_wm.l(dsqrt_umaal.o)
    0x08019318   0x08019318   0x000001d4   Code   RO        10696    x$fpl$dsub          fz_wm.l(daddsub_clz.o)
    0x080194ec   0x080194ec   0x00000056   Code   RO        10714    x$fpl$f2d           fz_wm.l(f2d.o)
    0x08019542   0x08019542   0x0000008c   Code   RO        10888    x$fpl$fnaninf       fz_wm.l(fnaninf.o)
    0x080195ce   0x080195ce   0x0000000a   Code   RO        11081    x$fpl$fpinit        fz_wm.l(fpinit.o)
    0x080195d8   0x080195d8   0x0000000a   Code   RO        10890    x$fpl$fretinf       fz_wm.l(fretinf.o)
    0x080195e2   0x080195e2   0x00000064   Code   RO        11083    x$fpl$retnan        fz_wm.l(retnan.o)
    0x08019646   0x08019646   0x0000005c   Code   RO        10892    x$fpl$scalbn        fz_wm.l(scalbn.o)
    0x080196a2   0x080196a2   0x00000030   Code   RO        11124    x$fpl$trapveneer    fz_wm.l(trapv.o)
    0x080196d2   0x080196d2   0x00000000   Code   RO        10894    x$fpl$usenofp       fz_wm.l(usenofp.o)
    0x080196d2   0x080196d2   0x00000302   Data   RO         1633    .constdata          crc8_crc16.o
    0x080199d4   0x080199d4   0x00000008   Data   RO         2803    .constdata          stm32f4xx_hal_dma.o
    0x080199dc   0x080199dc   0x00000018   Data   RO         7007    .constdata          system_stm32f4xx.o
    0x080199f4   0x080199f4   0x00000300   Data   RO         8720    .constdata          reference.o
    0x08019cf4   0x08019cf4   0x00000028   Data   RO        10446    .constdata          dji_motor.o
    0x08019d1c   0x08019d1c   0x00000004   PAD
    0x08019d20   0x08019d20   0x00000058   Data   RO        10769    .constdata          m_wm.l(exp.o)
    0x08019d78   0x08019d78   0x00000088   Data   RO        10797    .constdata          m_wm.l(pow.o)
    0x08019e00   0x08019e00   0x00000030   Data   RO        10896    .constdata          m_wm.l(cos_i.o)
    0x08019e30   0x08019e30   0x00000008   Data   RO        10938    .constdata          m_wm.l(qnan.o)
    0x08019e38   0x08019e38   0x000000c8   Data   RO        10941    .constdata          m_wm.l(rred.o)
    0x08019f00   0x08019f00   0x00000028   Data   RO        10945    .constdata          m_wm.l(sin_i.o)
    0x08019f28   0x08019f28   0x0000001c   Data   RO         7959    .conststring        motor.o
    0x08019f44   0x08019f44   0x00000025   Data   RO         8364    .conststring        message.o
    0x08019f69   0x08019f69   0x00000003   PAD
    0x08019f6c   0x08019f6c   0x00000040   Data   RO        11154    Region$$Table       anon$$obj.o


    Execution Region RW_IRAM1 (Exec base: 0x20000000, Load base: 0x08019fac, Size: 0x00019a58, Max: 0x0001c000, ABSOLUTE, COMPRESSED[0x00000058])

    Exec Addr    Load Addr    Size         Type   Attr      Idx    E Section Name        Object

    0x20000000   COMPRESSED   0x00000020   Data   RW           18    .data               main.o
    0x20000020   COMPRESSED   0x00000004   Data   RW          463    .data               can.o
    0x20000024   COMPRESSED   0x00000008   Data   RW          510    .data               crc.o
    0x2000002c   COMPRESSED   0x0000004e   Data   RW         1198    .data               usbd_desc.o
    0x2000007a   COMPRESSED   0x00000002   PAD
    0x2000007c   COMPRESSED   0x00000014   Data   RW         1284    .data               usbd_cdc_if.o
    0x20000090   COMPRESSED   0x00000010   Data   RW         7479    .data               can_if.o
    0x200000a0   COMPRESSED   0x00000004   Data   RW         7837    .data               button.o
    0x200000a4   COMPRESSED   0x00000004   Data   RW         8179    .data               uart_if.o
    0x200000a8   COMPRESSED   0x00000004   Data   RW         8541    .data               timer.o
    0x200000ac   COMPRESSED   0x00000078   Data   RW         8630    .data               dr16_remote.o
    0x20000124   COMPRESSED   0x0000000c   Data   RW         8721    .data               reference.o
    0x20000130   COMPRESSED   0x00000022   Data   RW         8887    .data               rc_ctrl_key.o
    0x20000152   COMPRESSED   0x00000001   Data   RW         9052    .data               math_common.o
    0x20000153   COMPRESSED   0x00000001   PAD
    0x20000154   COMPRESSED   0x00000004   Data   RW         9574    .data               ahrs.o
    0x20000158   COMPRESSED   0x0000000c   Data   RW         9640    .data               mahony.o
    0x20000164   COMPRESSED   0x00000020   Data   RW         9893    .data               robo_gimbal.o
    0x20000184   COMPRESSED   0x00000048   Data   RW        10040    .data               robo_aa.o
    0x200001cc        -       0x0000c978   Zero   RW           17    .bss                main.o
    0x2000cb44        -       0x000000a8   Zero   RW          419    .bss                adc.o
    0x2000cbec        -       0x000000c8   Zero   RW          462    .bss                can.o
    0x2000ccb4        -       0x00000168   Zero   RW          619    .bss                i2c.o
    0x2000ce1c        -       0x00000230   Zero   RW          751    .bss                spi.o
    0x2000d04c        -       0x000004ec   Zero   RW          805    .bss                tim.o
    0x2000d538        -       0x00001000   Zero   RW         1283    .bss                usbd_cdc_if.o
    0x2000e538        -       0x00000020   Zero   RW         2457    .bss                stm32f4xx_hal_flash.o
    0x2000e558        -       0x00000064   Zero   RW         8719    .bss                reference.o
    0x2000e5bc        -       0x0000000c   Zero   RW         8886    .bss                rc_ctrl_key.o
    0x2000e5c8        -       0x00000f40   Zero   RW         9933    .bss                robo_common.o
    0x2000f508        -       0x000002e4   Zero   RW         9976    .bss                robo_shoot.o
    0x2000f7ec        -       0x00000268   Zero   RW        10162    .bss                robo_usb.o
    0x2000fa54   COMPRESSED   0x00000004   PAD
    0x2000fa58        -       0x00005000   Zero   RW            2    HEAP                startup_stm32f407xx.o
    0x20014a58        -       0x00005000   Zero   RW            1    STACK               startup_stm32f407xx.o


    Execution Region RW_IRAM2 (Exec base: 0x2001c000, Load base: 0x0801a004, Size: 0x00001a60, Max: 0x00004000, ABSOLUTE, COMPRESSED[0x000000b0])

    Exec Addr    Load Addr    Size         Type   Attr      Idx    E Section Name        Object

    0x2001c000   COMPRESSED   0x00000009   Data   RW         3235    .data               stm32f4xx_hal.o
    0x2001c009   COMPRESSED   0x00000003   PAD
    0x2001c00c   COMPRESSED   0x00000004   Data   RW         7008    .data               system_stm32f4xx.o
    0x2001c010   COMPRESSED   0x00000001   Data   RW         7219    .data               usbd_ctlreq.o
    0x2001c011   COMPRESSED   0x00000003   PAD
    0x2001c014   COMPRESSED   0x0000008a   Data   RW         7382    .data               usbd_cdc.o
    0x2001c09e   COMPRESSED   0x00000002   PAD
    0x2001c0a0   COMPRESSED   0x00000004   Data   RW         7892    .data               buzzer.o
    0x2001c0a4   COMPRESSED   0x00000042   Data   RW         8037    .data               bmi088driver.o
    0x2001c0e6   COMPRESSED   0x00000002   PAD
    0x2001c0e8   COMPRESSED   0x00000004   Data   RW         8261    .data               event_os.o
    0x2001c0ec   COMPRESSED   0x00000001   Data   RW         8595    .data               seml_common.o
    0x2001c0ed   COMPRESSED   0x00000003   PAD
    0x2001c0f0   COMPRESSED   0x00000004   Data   RW         8806    .data               supercap.o
    0x2001c0f4   COMPRESSED   0x00000018   Data   RW         9680    .data               chassis_power_control.o
    0x2001c10c   COMPRESSED   0x00000048   Data   RW         9758    .data               robo_chassis.o
    0x2001c154   COMPRESSED   0x0000000d   Data   RW         9816    .data               robo_control.o
    0x2001c161   COMPRESSED   0x00000001   PAD
    0x2001c162   COMPRESSED   0x00000008   Data   RW         9934    .data               robo_common.o
    0x2001c16a   COMPRESSED   0x00000002   PAD
    0x2001c16c   COMPRESSED   0x00000028   Data   RW         9977    .data               robo_shoot.o
    0x2001c194        -       0x00000014   Zero   RW          552    .bss                dac.o
    0x2001c1a8        -       0x00000010   Zero   RW          666    .bss                rng.o
    0x2001c1b8        -       0x00000020   Zero   RW          708    .bss                rtc.o
    0x2001c1d8        -       0x0000033c   Zero   RW          884    .bss                usart.o
    0x2001c514        -       0x000002dc   Zero   RW          934    .bss                usb_device.o
    0x2001c7f0        -       0x0000072c   Zero   RW         1012    .bss                usbd_conf.o
    0x2001cf1c        -       0x00000200   Zero   RW         1197    .bss                usbd_desc.o
    0x2001d11c        -       0x00000020   Zero   RW         8260    .bss                event_os.o
    0x2001d13c        -       0x0000000c   Zero   RW         8805    .bss                supercap.o
    0x2001d148        -       0x0000000c   Zero   RW         9573    .bss                ahrs.o
    0x2001d154        -       0x000004f8   Zero   RW         9757    .bss                robo_chassis.o
    0x2001d64c        -       0x00000254   Zero   RW         9892    .bss                robo_gimbal.o
    0x2001d8a0        -       0x000000c0   Zero   RW        10039    .bss                robo_aa.o
    0x2001d960        -       0x000000a0   Zero   RW        10445    .bss                dji_motor.o
    0x2001da00        -       0x00000060   Zero   RW        10963    .bss                c_w.l(libspace.o)


==============================================================================

Image component sizes


      Code (inc. data)   RO Data    RW Data    ZI Data      Debug   Object Name

       236         30          0          0        168       1811   adc.o
      1082         44          0          4         12       5240   ahrs.o
      1546         54          0         66          0      12511   bmi088driver.o
       896        110          0          4          0       6008   button.o
       474         22          0          4          0       5108   buzzer.o
       496         40          0          4        200       2606   can.o
       662         58          0         16          0      10671   can_if.o
       756        150          0          0          0       4665   chassis.o
         0          0          0         24          0      14722   chassis_power_control.o
        84         18          0          8          0       1619   crc.o
        52          6        770          0          0       1507   crc8_crc16.o
       204         24          0          0         20       1799   dac.o
      1252        256         40          0        160       8299   dji_motor.o
       264          6          0          0          0        950   dma.o
       680         26          0        120          0       9429   dr16_remote.o
      1122        192          0          4         32       8543   event_os.o
       516         22          0          0          0       1343   gpio.o
        48          0          0          0          0       2318   gpio_if.o
       632         62          0          0        360       2728   i2c.o
      1858         24          0         12          0       4479   mahony.o
       728        158          0         32      51576     806744   main.o
      2028         90          0          1          0      14638   math_common.o
      1854        228         37          0          0      13057   message.o
       368         80         28          0          0       4973   motor.o
       700         76          0          0          0       4946   pid.o
       378        120          0          0          0       3977   pwm_if.o
       968        180          0          0          0       5092   queue.o
      2844        652          0         34         12      14972   rc_ctrl_key.o
      1116         44        768         12        100      14921   reference.o
        84         18          0          0         16       1619   rng.o
      1268        304          0         72        192       6000   robo_aa.o
      1748        270          0         72       1272       7092   robo_chassis.o
       516        138          0          8       3904       3590   robo_common.o
      1940        538          0         13          0       7186   robo_control.o
      1348        290          0         32        596       4509   robo_gimbal.o
      1656        208          0         40        740       5763   robo_shoot.o
       476         84          0          0        616       7245   robo_usb.o
       116         22          0          0         32       1659   rtc.o
         0          0          0          1          0        277   seml_common.o
       788         64          0          0        560       2958   spi.o
       252         82          0          0          0       2871   spi_if.o
        64         26        392          0      40960        884   startup_stm32f407xx.o
       212         36          0          9          0       9717   stm32f4xx_hal.o
      1632        210          0          0          0       3271   stm32f4xx_hal_adc.o
      3556        372          0          0          0      17182   stm32f4xx_hal_can.o
       564        204          0          0          0      34855   stm32f4xx_hal_cortex.o
       112         62          0          0          0       1127   stm32f4xx_hal_crc.o
       528        118          0          0          0       3477   stm32f4xx_hal_dac.o
         2          0          0          0          0       1055   stm32f4xx_hal_dac_ex.o
      2152        138          8          0          0       8968   stm32f4xx_hal_dma.o
       428         20          0          0         32       2994   stm32f4xx_hal_flash.o
       364         74          0          0          0       1481   stm32f4xx_hal_flash_ex.o
      1198        174          0          0          0       3920   stm32f4xx_hal_gpio.o
      5018        122          0          0          0      26185   stm32f4xx_hal_i2c.o
        88          4          0          0          0        918   stm32f4xx_hal_msp.o
      3690         76          0          0          0      14492   stm32f4xx_hal_pcd.o
        90          0          0          0          0       2597   stm32f4xx_hal_pcd_ex.o
      2508        200          0          0          0       6216   stm32f4xx_hal_rcc.o
       940        200          0          0          0       1648   stm32f4xx_hal_rcc_ex.o
       132         62          0          0          0       1163   stm32f4xx_hal_rng.o
       570         64          0          0          0       3559   stm32f4xx_hal_rtc.o
      3030        204          0          0          0      10835   stm32f4xx_hal_spi.o
      7536       1394          0          0          0      26988   stm32f4xx_hal_tim.o
       806        166          0          0          0       4348   stm32f4xx_hal_tim_ex.o
      4846        236          0          0          0      29739   stm32f4xx_hal_uart.o
       576        176          0          0          0      21542   stm32f4xx_it.o
      4246         98          0          0          0      24955   stm32f4xx_ll_usb.o
        62          0          0          4         12       4932   supercap.o
        20          6         24          4          0       1227   system_stm32f4xx.o
      2004        148          0          0       1260       7596   tim.o
       524        160          0          4          0       5257   timer.o
      1188        332          0          4          0       8888   uart_if.o
      1040         92          0          0        828       3791   usart.o
        76         16          0          0        732       2675   usb_device.o
      1790         54          0        138          0      14993   usbd_cdc.o
       192         22          0         20       4096       3837   usbd_cdc_if.o
      1004         24          0          0       1836      17968   usbd_conf.o
      1346          0          0          0          0      17477   usbd_core.o
      2342         30          0          1          0      18520   usbd_ctlreq.o
       378        114          0         78        512       7049   usbd_desc.o
       174          0          0          0          0       5000   usbd_ioreq.o

    ----------------------------------------------------------------------
     91130      10224       2138        864     110840    1423771   Object Totals
         0          0         64          0          0          0   (incl. Generated)
        66          0          7         19          4          0   (incl. Padding)

    ----------------------------------------------------------------------

      Code (inc. data)   RO Data    RW Data    ZI Data      Debug   Library Member Name

        90          0          0          0          0          0   __dczerorl2.o
         8          0          0          0          0         68   __main.o
         0          0          0          0          0          0   __rtentry.o
        12          0          0          0          0          0   __rtentry2.o
         6          0          0          0          0          0   __rtentry4.o
        52          8          0          0          0          0   __scatter.o
        28          0          0          0          0          0   __scatter_zi.o
        22          0          0          0          0        100   _rserrno.o
        40          0          0          0          0         80   calloc.o
        10          0          0          0          0         68   defsig_exit.o
        50          0          0          0          0         88   defsig_general.o
        80         58          0          0          0         76   defsig_rtmem_inner.o
        14          0          0          0          0         80   defsig_rtmem_outer.o
        18          0          0          0          0         80   exit.o
        94          0          0          0          0         80   h1_alloc.o
        52          0          0          0          0         68   h1_extend.o
        78          0          0          0          0         80   h1_free.o
        14          0          0          0          0         84   h1_init.o
       184          0          0          0          0         92   h1_realloc.o
         6          0          0          0          0        152   heapauxi.o
         4          0          0          0          0        136   hguard.o
         0          0          0          0          0          0   indicate_semi.o
       138          0          0          0          0        168   init_alloc.o
         2          0          0          0          0          0   libinit.o
        14          0          0          0          0          0   libinit2.o
         2          0          0          0          0          0   libshutdown.o
         2          0          0          0          0          0   libshutdown2.o
         8          4          0          0         96         68   libspace.o
       238          0          0          0          0        100   lludivv7m.o
         0          0          0          0          0          0   maybetermalloc1.o
         8          4          0          0          0         68   rt_errno_addr_intlibspace.o
         8          4          0          0          0         68   rt_heap_descriptor_intlibspace.o
        68          0          0          0          0         68   rt_memclr.o
        78          0          0          0          0         80   rt_memclr_w.o
       138          0          0          0          0         68   rt_memcpy_v6.o
       100          0          0          0          0         80   rt_memcpy_w.o
         2          0          0          0          0          0   rtexit.o
        10          0          0          0          0          0   rtexit2.o
        12          4          0          0          0         68   sys_exit.o
        74          0          0          0          0         80   sys_stackheap_outer.o
        14          0          0          0          0         76   sys_wrch.o
         2          0          0          0          0         68   use_no_semi.o
        24          0          0          0          0        164   basic.o
        98          4          0          0          0        140   d2f.o
       826         16          0          0          0        492   daddsub_clz.o
        16          4          0          0          0        116   dcheck1.o
        24          0          0          0          0        116   dcmpi.o
       688        140          0          0          0        256   ddiv.o
        94          4          0          0          0        140   dfix.o
        84          0          0          0          0        232   dflt_clz.o
       120          4          0          0          0        140   dleqf.o
       340         12          0          0          0        152   dmul.o
       156          4          0          0          0        140   dnaninf.o
        12          0          0          0          0        116   dretinf.o
       108          0          0          0          0        128   drleqf.o
       408         56          0          0          0        168   dsqrt_umaal.o
        86          4          0          0          0        132   f2d.o
       140          4          0          0          0        132   fnaninf.o
        10          0          0          0          0        116   fpinit.o
        10          0          0          0          0        116   fretinf.o
       100          0          0          0          0        116   retnan.o
        92          0          0          0          0        116   scalbn.o
        48          0          0          0          0        116   trapv.o
         0          0          0          0          0          0   usenofp.o
       300         42          0          0          0        176   asinf.o
       200         20          0          0          0        164   cos.o
       368         46         48          0          0        200   cos_i.o
       184         44          0          0          0        744   dunder.o
       856        142         88          0          0        288   exp.o
        24          0          0          0          0        124   fabs.o
        48          0          0          0          0        124   fpclassify.o
        38          0          0          0          0        116   fpclassifyf.o
        38         12          0          0          0        348   funder.o
       248          0          0          0          0        152   poly.o
      3152        296        136          0          0        352   pow.o
         0          0          8          0          0          0   qnan.o
      1080        142        200          0          0        188   rred.o
       200         20          0          0          0        164   sin.o
       304         24         40          0          0        208   sin_i.o
       232          0          0          0          0        296   sqrt.o
        62          0          0          0          0        136   sqrtf.o

    ----------------------------------------------------------------------
     12624       1122        520          0         96       9516   Library Totals
        26          0          0          0          0          0   (incl. Padding)

    ----------------------------------------------------------------------

      Code (inc. data)   RO Data    RW Data    ZI Data      Debug   Library Name

      1780         82          0          0         96       2392   c_w.l
      3484        252          0          0          0       3344   fz_wm.l
      7334        788        520          0          0       3780   m_wm.l

    ----------------------------------------------------------------------
     12624       1122        520          0         96       9516   Library Totals

    ----------------------------------------------------------------------

==============================================================================


      Code (inc. data)   RO Data    RW Data    ZI Data      Debug   

    103754      11346       2658        864     110936    1369987   Grand Totals
    103754      11346       2658        264     110936    1369987   ELF Image Totals (compressed)
    103754      11346       2658        264          0          0   ROM Totals

==============================================================================

    Total RO  Size (Code + RO Data)               106412 ( 103.92kB)
    Total RW  Size (RW Data + ZI Data)            111800 ( 109.18kB)
    Total ROM Size (Code + RO Data + RW Data)     106676 ( 104.18kB)

==============================================================================

